

================================================================
== Vivado HLS Report for 'cordiccart2pol'
================================================================
* Date:           Tue Oct 20 17:18:57 2020

* Version:        2019.1 (Build 2552052 on Fri May 24 15:28:33 MDT 2019)
* Project:        cordiccart2pol
* Solution:       baseline
* Product family: virtex7
* Target device:  xc7vx485t-ffg1157-1


================================================================
== Performance Estimates
================================================================
+ Timing (ns): 
    * Summary: 
    +--------+-------+----------+------------+
    |  Clock | Target| Estimated| Uncertainty|
    +--------+-------+----------+------------+
    |ap_clk  |  10.00|     8.440|        1.25|
    +--------+-------+----------+------------+

+ Latency (clock cycles): 
    * Summary: 
    +-----+-----+-----+-----+---------+
    |  Latency  |  Interval | Pipeline|
    | min | max | min | max |   Type  |
    +-----+-----+-----+-----+---------+
    |  171|  171|  171|  171|   none  |
    +-----+-----+-----+-----+---------+

    + Detail: 
        * Instance: 
        N/A

        * Loop: 
        +------------+-----+-----+----------+-----------+-----------+------+----------+
        |            |  Latency  | Iteration|  Initiation Interval  | Trip |          |
        |  Loop Name | min | max |  Latency |  achieved |   target  | Count| Pipelined|
        +------------+-----+-----+----------+-----------+-----------+------+----------+
        |- Rotation  |  160|  160|        10|          -|          -|    16|    no    |
        +------------+-----+-----+----------+-----------+-----------+------+----------+



================================================================
== Utilization Estimates
================================================================
* Summary: 
+-----------------+---------+-------+--------+--------+-----+
|       Name      | BRAM_18K| DSP48E|   FF   |   LUT  | URAM|
+-----------------+---------+-------+--------+--------+-----+
|DSP              |        -|      -|       -|       -|    -|
|Expression       |        -|      -|       0|     351|    -|
|FIFO             |        -|      -|       -|       -|    -|
|Instance         |        -|     21|    1303|    1209|    -|
|Memory           |        0|      -|      64|      16|    -|
|Multiplexer      |        -|      -|       -|     291|    -|
|Register         |        -|      -|     598|       -|    -|
+-----------------+---------+-------+--------+--------+-----+
|Total            |        0|     21|    1965|    1867|    0|
+-----------------+---------+-------+--------+--------+-----+
|Available        |     2060|   2800|  607200|  303600|    0|
+-----------------+---------+-------+--------+--------+-----+
|Utilization (%)  |        0|   ~0  |   ~0   |   ~0   |    0|
+-----------------+---------+-------+--------+--------+-----+

+ Detail: 
    * Instance: 
    +-------------------------+----------------------+---------+-------+-----+-----+-----+
    |         Instance        |        Module        | BRAM_18K| DSP48E|  FF | LUT | URAM|
    +-------------------------+----------------------+---------+-------+-----+-----+-----+
    |cordiccart2pol_dmibs_U8  |cordiccart2pol_dmibs  |        0|     11|  299|  203|    0|
    |cordiccart2pol_fadEe_U1  |cordiccart2pol_fadEe  |        0|      2|  227|  214|    0|
    |cordiccart2pol_fadEe_U2  |cordiccart2pol_fadEe  |        0|      2|  227|  214|    0|
    |cordiccart2pol_fchbi_U7  |cordiccart2pol_fchbi  |        0|      0|   66|   66|    0|
    |cordiccart2pol_fmeOg_U3  |cordiccart2pol_fmeOg  |        0|      3|  128|  138|    0|
    |cordiccart2pol_fmeOg_U4  |cordiccart2pol_fmeOg  |        0|      3|  128|  138|    0|
    |cordiccart2pol_fpfYi_U5  |cordiccart2pol_fpfYi  |        0|      0|  128|   97|    0|
    |cordiccart2pol_fpg8j_U6  |cordiccart2pol_fpg8j  |        0|      0|  100|  139|    0|
    +-------------------------+----------------------+---------+-------+-----+-----+-----+
    |Total                    |                      |        0|     21| 1303| 1209|    0|
    +-------------------------+----------------------+---------+-------+-----+-----+-----+

    * DSP48E: 
    N/A

    * Memory: 
    +----------+----------------------+---------+----+----+-----+------+-----+------+-------------+
    |  Memory  |        Module        | BRAM_18K| FF | LUT| URAM| Words| Bits| Banks| W*Bits*Banks|
    +----------+----------------------+---------+----+----+-----+------+-----+------+-------------+
    |angles_U  |cordiccart2pol_ancud  |        0|  32|   8|    0|    16|   32|     1|          512|
    |shift_U   |cordiccart2pol_shbkb  |        0|  32|   8|    0|    16|   32|     1|          512|
    +----------+----------------------+---------+----+----+-----+------+-----+------+-------------+
    |Total     |                      |        0|  64|  16|    0|    32|   64|     2|         1024|
    +----------+----------------------+---------+----+----+-----+------+-----+------+-------------+

    * FIFO: 
    N/A

    * Expression: 
    +-------------------------+----------+-------+---+----+------------+------------+
    |      Variable Name      | Operation| DSP48E| FF| LUT| Bitwidth P0| Bitwidth P1|
    +-------------------------+----------+-------+---+----+------------+------------+
    |i_fu_376_p2              |     +    |      0|  0|  15|           5|           1|
    |and_ln16_fu_279_p2       |    and   |      0|  0|   2|           1|           1|
    |and_ln20_fu_320_p2       |    and   |      0|  0|   2|           1|           1|
    |and_ln39_fu_424_p2       |    and   |      0|  0|   2|           1|           1|
    |icmp_ln16_1_fu_267_p2    |   icmp   |      0|  0|  18|          23|           1|
    |icmp_ln16_fu_261_p2      |   icmp   |      0|  0|  11|           8|           2|
    |icmp_ln20_1_fu_308_p2    |   icmp   |      0|  0|  18|          23|           1|
    |icmp_ln20_fu_302_p2      |   icmp   |      0|  0|  11|           8|           2|
    |icmp_ln35_fu_370_p2      |   icmp   |      0|  0|  11|           5|           6|
    |icmp_ln39_1_fu_412_p2    |   icmp   |      0|  0|  18|          23|           1|
    |icmp_ln39_fu_406_p2      |   icmp   |      0|  0|  11|           8|           2|
    |or_ln16_fu_273_p2        |    or    |      0|  0|   2|           1|           1|
    |or_ln20_fu_314_p2        |    or    |      0|  0|   2|           1|           1|
    |or_ln39_fu_418_p2        |    or    |      0|  0|   2|           1|           1|
    |grp_fu_237_p3            |  select  |      0|  0|  32|           1|          32|
    |select_ln20_1_fu_354_p3  |  select  |      0|  0|  32|           1|          32|
    |select_ln20_2_fu_362_p3  |  select  |      0|  0|  32|           1|          32|
    |select_ln20_fu_345_p3    |  select  |      0|  0|  32|           1|          32|
    |select_ln39_1_fu_430_p3  |  select  |      0|  0|  32|           1|          32|
    |xor_ln22_fu_326_p2       |    xor   |      0|  0|  33|          32|          33|
    |xor_ln29_fu_336_p2       |    xor   |      0|  0|  33|          32|          33|
    +-------------------------+----------+-------+---+----+------------+------------+
    |Total                    |          |      0|  0| 351|         178|         248|
    +-------------------------+----------+-------+---+----+------------+------------+

    * Multiplexer: 
    +-------------------------------------------+-----+-----------+-----+-----------+
    |                    Name                   | LUT | Input Size| Bits| Total Bits|
    +-------------------------------------------+-----+-----------+-----+-----------+
    |ap_NS_fsm                                  |  105|         22|    1|         22|
    |ap_phi_mux_p_23_ph_phi_fu_125_p4           |    9|          2|   32|         64|
    |ap_phi_mux_theta_local_0_ph_phi_fu_114_p4  |    9|          2|   21|         42|
    |ap_phi_mux_x_old_ph_phi_fu_135_p4          |    9|          2|   32|         64|
    |grp_fu_187_opcode                          |   15|          3|    2|          6|
    |grp_fu_187_p0                              |   15|          3|   32|         96|
    |grp_fu_187_p1                              |   15|          3|   32|         96|
    |grp_fu_193_opcode                          |   15|          3|    2|          6|
    |grp_fu_216_opcode                          |   15|          3|    5|         15|
    |grp_fu_216_p0                              |   21|          4|   32|        128|
    |i_0_reg_154                                |    9|          2|    5|         10|
    |p_23_ph_reg_122                            |    9|          2|   32|         64|
    |p_23_reg_165                               |    9|          2|   32|         64|
    |theta_local_0_ph_reg_110                   |    9|          2|   21|         42|
    |theta_local_0_reg_142                      |    9|          2|   32|         64|
    |x_old_ph_reg_132                           |    9|          2|   32|         64|
    |x_old_reg_176                              |    9|          2|   32|         64|
    +-------------------------------------------+-----+-----------+-----+-----------+
    |Total                                      |  291|         61|  377|        911|
    +-------------------------------------------+-----+-----------+-----+-----------+

    * Register: 
    +--------------------------+----+----+-----+-----------+
    |           Name           | FF | LUT| Bits| Const Bits|
    +--------------------------+----+----+-----+-----------+
    |and_ln16_reg_458          |   1|   0|    1|          0|
    |and_ln39_reg_480          |   1|   0|    1|          0|
    |angles_load_reg_492       |  32|   0|   32|          0|
    |ap_CS_fsm                 |  21|   0|   21|          0|
    |bitcast_ln16_reg_453      |  32|   0|   32|          0|
    |i_0_reg_154               |   5|   0|    5|          0|
    |i_reg_465                 |   5|   0|    5|          0|
    |p_23_ph_reg_122           |  32|   0|   32|          0|
    |p_23_reg_165              |  32|   0|   32|          0|
    |reg_229                   |  32|   0|   32|          0|
    |reg_233                   |  32|   0|   32|          0|
    |select_ln39_reg_507       |  32|   0|   32|          0|
    |shift_load_reg_486        |  32|   0|   32|          0|
    |theta_local_0_ph_reg_110  |  21|   0|   32|         11|
    |theta_local_0_reg_142     |  32|   0|   32|          0|
    |tmp_4_reg_522             |  64|   0|   64|          0|
    |tmp_5_reg_527             |  64|   0|   64|          0|
    |tmp_8_reg_497             |  32|   0|   32|          0|
    |tmp_s_reg_502             |  32|   0|   32|          0|
    |x_old_ph_reg_132          |  32|   0|   32|          0|
    |x_old_reg_176             |  32|   0|   32|          0|
    +--------------------------+----+----+-----+-----------+
    |Total                     | 598|   0|  609|         11|
    +--------------------------+----+----+-----+-----------+



================================================================
== Interface
================================================================
* Summary: 
+--------------+-----+-----+------------+----------------+--------------+
|   RTL Ports  | Dir | Bits|  Protocol  |  Source Object |    C Type    |
+--------------+-----+-----+------------+----------------+--------------+
|ap_clk        |  in |    1| ap_ctrl_hs | cordiccart2pol | return value |
|ap_rst        |  in |    1| ap_ctrl_hs | cordiccart2pol | return value |
|ap_start      |  in |    1| ap_ctrl_hs | cordiccart2pol | return value |
|ap_done       | out |    1| ap_ctrl_hs | cordiccart2pol | return value |
|ap_idle       | out |    1| ap_ctrl_hs | cordiccart2pol | return value |
|ap_ready      | out |    1| ap_ctrl_hs | cordiccart2pol | return value |
|x_1           |  in |   32|   ap_none  |       x_1      |    scalar    |
|y             |  in |   32|   ap_none  |        y       |    scalar    |
|r             | out |   32|   ap_vld   |        r       |    pointer   |
|r_ap_vld      | out |    1|   ap_vld   |        r       |    pointer   |
|theta         | out |   32|   ap_vld   |      theta     |    pointer   |
|theta_ap_vld  | out |    1|   ap_vld   |      theta     |    pointer   |
+--------------+-----+-----+------------+----------------+--------------+

