

================================================================
== Vivado HLS Report for 'dft'
================================================================
* Date:           Fri Oct 30 22:44:38 2020

* Version:        2019.1 (Build 2552052 on Fri May 24 15:28:33 MDT 2019)
* Project:        hls
* Solution:       solution1
* Product family: zynq
* Target device:  xc7z020-clg484-1


================================================================
== Performance Estimates
================================================================
+ Timing (ns): 
    * Summary: 
    +--------+-------+----------+------------+
    |  Clock | Target| Estimated| Uncertainty|
    +--------+-------+----------+------------+
    |ap_clk  |  10.00|     8.683|        1.25|
    +--------+-------+----------+------------+

+ Latency (clock cycles): 
    * Summary: 
    +---------+---------+---------+---------+---------+
    |      Latency      |      Interval     | Pipeline|
    |   min   |   max   |   min   |   max   |   Type  |
    +---------+---------+---------+---------+---------+
    |  4590850|  5115138|  4590850|  5115138|   none  |
    +---------+---------+---------+---------+---------+

    + Detail: 
        * Instance: 
        +--------------------------------+---------------------+-----+-----+-----+-----+---------+
        |                                |                     |  Latency  |  Interval | Pipeline|
        |            Instance            |        Module       | min | max | min | max |   Type  |
        +--------------------------------+---------------------+-----+-----+-----+-----+---------+
        |grp_sin_or_cos_double_s_fu_199  |sin_or_cos_double_s  |   43|   51|   43|   51|   none  |
        |grp_sin_or_cos_double_s_fu_218  |sin_or_cos_double_s  |   43|   51|   43|   51|   none  |
        +--------------------------------+---------------------+-----+-----+-----+-----+---------+

        * Loop: 
        +----------+---------+---------+---------------+-----------+-----------+------+----------+
        |          |      Latency      |   Iteration   |  Initiation Interval  | Trip |          |
        | Loop Name|   min   |   max   |    Latency    |  achieved |   target  | Count| Pipelined|
        +----------+---------+---------+---------------+-----------+-----------+------+----------+
        |- DFT     |  4590336|  5114624| 17931 ~ 19979 |          -|          -|   256|    no    |
        | + DFT.1  |    17920|    19968|    70 ~ 78    |          -|          -|   256|    no    |
        |- Loop 2  |      512|      512|              2|          -|          -|   256|    no    |
        +----------+---------+---------+---------------+-----------+-----------+------+----------+



================================================================
== Utilization Estimates
================================================================
* Summary: 
+-----------------+---------+-------+--------+-------+-----+
|       Name      | BRAM_18K| DSP48E|   FF   |  LUT  | URAM|
+-----------------+---------+-------+--------+-------+-----+
|DSP              |        -|      -|       -|      -|    -|
|Expression       |        -|      -|       0|    119|    -|
|FIFO             |        -|      -|       -|      -|    -|
|Instance         |       16|    207|   12233|  18609|    -|
|Memory           |        2|      -|       0|      0|    0|
|Multiplexer      |        -|      -|       -|    394|    -|
|Register         |        -|      -|     793|      -|    -|
+-----------------+---------+-------+--------+-------+-----+
|Total            |       18|    207|   13026|  19122|    0|
+-----------------+---------+-------+--------+-------+-----+
|Available        |      280|    220|  106400|  53200|    0|
+-----------------+---------+-------+--------+-------+-----+
|Utilization (%)  |        6|     94|      12|     35|    0|
+-----------------+---------+-------+--------+-------+-----+

+ Detail: 
    * Instance: 
    +--------------------------------+----------------------+---------+-------+------+------+-----+
    |            Instance            |        Module        | BRAM_18K| DSP48E|  FF  |  LUT | URAM|
    +--------------------------------+----------------------+---------+-------+------+------+-----+
    |dft_dadd_64ns_64nrcU_U40        |dft_dadd_64ns_64nrcU  |        0|      3|   445|  1149|    0|
    |dft_dadd_64ns_64nrcU_U41        |dft_dadd_64ns_64nrcU  |        0|      3|   445|  1149|    0|
    |dft_dmul_64ns_64nsc4_U42        |dft_dmul_64ns_64nsc4  |        0|     11|   317|   578|    0|
    |dft_dmul_64ns_64nsc4_U43        |dft_dmul_64ns_64nsc4  |        0|     11|   317|   578|    0|
    |dft_fmul_32ns_32nncg_U34        |dft_fmul_32ns_32nncg  |        0|      3|   143|   321|    0|
    |dft_fpext_32ns_64qcK_U38        |dft_fpext_32ns_64qcK  |        0|      0|   100|   138|    0|
    |dft_fpext_32ns_64qcK_U39        |dft_fpext_32ns_64qcK  |        0|      0|   100|   138|    0|
    |dft_fptrunc_64ns_pcA_U36        |dft_fptrunc_64ns_pcA  |        0|      0|   128|   277|    0|
    |dft_fptrunc_64ns_pcA_U37        |dft_fptrunc_64ns_pcA  |        0|      0|   128|   277|    0|
    |dft_sitofp_32ns_3ocq_U35        |dft_sitofp_32ns_3ocq  |        0|      0|   340|   554|    0|
    |grp_sin_or_cos_double_s_fu_199  |sin_or_cos_double_s   |        8|     88|  4885|  6725|    0|
    |grp_sin_or_cos_double_s_fu_218  |sin_or_cos_double_s   |        8|     88|  4885|  6725|    0|
    +--------------------------------+----------------------+---------+-------+------+------+-----+
    |Total                           |                      |       16|    207| 12233| 18609|    0|
    +--------------------------------+----------------------+---------+-------+------+------+-----+

    * DSP48E: 
    N/A

    * Memory: 
    +------------+--------------+---------+---+----+-----+------+-----+------+-------------+
    |   Memory   |    Module    | BRAM_18K| FF| LUT| URAM| Words| Bits| Banks| W*Bits*Banks|
    +------------+--------------+---------+---+----+-----+------+-----+------+-------------+
    |dft_real_U  |dft_dft_real  |        1|  0|   0|    0|   256|   32|     1|         8192|
    |dft_img_U   |dft_dft_real  |        1|  0|   0|    0|   256|   32|     1|         8192|
    +------------+--------------+---------+---+----+-----+------+-----+------+-------------+
    |Total       |              |        2|  0|   0|    0|   512|   64|     2|        16384|
    +------------+--------------+---------+---+----+-----+------+-----+------+-------------+

    * FIFO: 
    N/A

    * Expression: 
    +----------------------------------+----------+-------+---+----+------------+------------+
    |           Variable Name          | Operation| DSP48E| FF| LUT| Bitwidth P0| Bitwidth P1|
    +----------------------------------+----------+-------+---+----+------------+------------+
    |i_3_fu_309_p2                     |     +    |      0|  0|  15|           9|           1|
    |i_fu_364_p2                       |     +    |      0|  0|  15|           9|           1|
    |j_fu_332_p2                       |     +    |      0|  0|  15|           9|           1|
    |icmp_ln15_fu_303_p2               |   icmp   |      0|  0|  13|           9|          10|
    |icmp_ln20_fu_326_p2               |   icmp   |      0|  0|  13|           9|          10|
    |icmp_ln28_fu_358_p2               |   icmp   |      0|  0|  13|           9|          10|
    |ap_block_state25_on_subcall_done  |    or    |      0|  0|   2|           1|           1|
    |xor_ln24_fu_347_p2                |    xor   |      0|  0|  33|          32|          33|
    +----------------------------------+----------+-------+---+----+------------+------------+
    |Total                             |          |      0|  0| 119|          87|          67|
    +----------------------------------+----------+-------+---+----+------------+------------+

    * Multiplexer: 
    +----------------------+-----+-----------+-----+-----------+
    |         Name         | LUT | Input Size| Bits| Total Bits|
    +----------------------+-----+-----------+-----+-----------+
    |ap_NS_fsm             |  181|         41|    1|         41|
    |dft_img_address0      |   21|          4|    8|         32|
    |dft_img_d0            |   15|          3|   32|         96|
    |dft_real_address0     |   21|          4|    8|         32|
    |dft_real_d0           |   15|          3|   32|         96|
    |empty_43_reg_152      |    9|          2|   32|         64|
    |empty_44_reg_164      |    9|          2|   32|         64|
    |grp_fu_237_p0         |   15|          3|   32|         96|
    |grp_fu_237_p1         |   15|          3|   32|         96|
    |grp_fu_242_p0         |   15|          3|   32|         96|
    |grp_fu_253_p0         |   21|          4|   32|        128|
    |grp_fu_257_p0         |   15|          3|   32|         96|
    |i_0_reg_140           |    9|          2|    9|         18|
    |i_1_reg_188           |    9|          2|    9|         18|
    |j_0_reg_176           |    9|          2|    9|         18|
    |real_sample_address0  |   15|          3|    8|         24|
    +----------------------+-----+-----------+-----+-----------+
    |Total                 |  394|         84|  340|       1015|
    +----------------------+-----+-----------+-----+-----------+

    * Register: 
    +---------------------------------------------+----+----+-----+-----------+
    |                     Name                    | FF | LUT| Bits| Const Bits|
    +---------------------------------------------+----+----+-----+-----------+
    |angle_reg_417                                |  32|   0|   32|          0|
    |ap_CS_fsm                                    |  40|   0|   40|          0|
    |dft_img_addr_reg_394                         |   8|   0|    8|          0|
    |dft_real_addr_reg_389                        |   8|   0|    8|          0|
    |empty_43_reg_152                             |  32|   0|   32|          0|
    |empty_44_reg_164                             |  32|   0|   32|          0|
    |grp_sin_or_cos_double_s_fu_199_ap_start_reg  |   1|   0|    1|          0|
    |grp_sin_or_cos_double_s_fu_218_ap_start_reg  |   1|   0|    1|          0|
    |i_0_reg_140                                  |   9|   0|    9|          0|
    |i_1_reg_188                                  |   9|   0|    9|          0|
    |i_3_reg_384                                  |   9|   0|    9|          0|
    |i_reg_480                                    |   9|   0|    9|          0|
    |j_0_reg_176                                  |   9|   0|    9|          0|
    |j_reg_412                                    |   9|   0|    9|          0|
    |reg_278                                      |  32|   0|   32|          0|
    |reg_284                                      |  64|   0|   64|          0|
    |reg_292                                      |  64|   0|   64|          0|
    |tmp_11_reg_462                               |  64|   0|   64|          0|
    |tmp_2_reg_399                                |  32|   0|   32|          0|
    |tmp_5_reg_452                                |  64|   0|   64|          0|
    |tmp_7_reg_447                                |  64|   0|   64|          0|
    |tmp_9_reg_457                                |  64|   0|   64|          0|
    |tmp_i_i7_reg_442                             |  64|   0|   64|          0|
    |tmp_i_i_reg_437                              |  64|   0|   64|          0|
    |zext_ln30_reg_485                            |   9|   0|   64|         55|
    +---------------------------------------------+----+----+-----+-----------+
    |Total                                        | 793|   0|  848|         55|
    +---------------------------------------------+----+----+-----+-----------+



================================================================
== Interface
================================================================
* Summary: 
+----------------------+-----+-----+------------+--------------+--------------+
|       RTL Ports      | Dir | Bits|  Protocol  | Source Object|    C Type    |
+----------------------+-----+-----+------------+--------------+--------------+
|ap_clk                |  in |    1| ap_ctrl_hs |      dft     | return value |
|ap_rst                |  in |    1| ap_ctrl_hs |      dft     | return value |
|ap_start              |  in |    1| ap_ctrl_hs |      dft     | return value |
|ap_done               | out |    1| ap_ctrl_hs |      dft     | return value |
|ap_idle               | out |    1| ap_ctrl_hs |      dft     | return value |
|ap_ready              | out |    1| ap_ctrl_hs |      dft     | return value |
|real_sample_address0  | out |    8|  ap_memory |  real_sample |     array    |
|real_sample_ce0       | out |    1|  ap_memory |  real_sample |     array    |
|real_sample_we0       | out |    1|  ap_memory |  real_sample |     array    |
|real_sample_d0        | out |   32|  ap_memory |  real_sample |     array    |
|real_sample_q0        |  in |   32|  ap_memory |  real_sample |     array    |
|imag_sample_address0  | out |    8|  ap_memory |  imag_sample |     array    |
|imag_sample_ce0       | out |    1|  ap_memory |  imag_sample |     array    |
|imag_sample_we0       | out |    1|  ap_memory |  imag_sample |     array    |
|imag_sample_d0        | out |   32|  ap_memory |  imag_sample |     array    |
+----------------------+-----+-----+------------+--------------+--------------+

