

================================================================
== Vivado HLS Report for 'dft'
================================================================
* Date:           Mon Nov  2 00:32:30 2020

* Version:        2019.1 (Build 2552052 on Fri May 24 15:28:33 MDT 2019)
* Project:        hls
* Solution:       P_0_U_8
* Product family: zynq
* Target device:  xc7z020-clg484-1


================================================================
== Performance Estimates
================================================================
+ Timing (ns): 
    * Summary: 
    +--------+-------+----------+------------+
    |  Clock | Target| Estimated| Uncertainty|
    +--------+-------+----------+------------+
    |ap_clk  |  10.00|     7.424|        1.25|
    +--------+-------+----------+------------+

+ Latency (clock cycles): 
    * Summary: 
    +--------+--------+--------+--------+---------+
    |     Latency     |     Interval    | Pipeline|
    |   min  |   max  |   min  |   max  |   Type  |
    +--------+--------+--------+--------+---------+
    |  377345|  377345|  377345|  377345|   none  |
    +--------+--------+--------+--------+---------+

    + Detail: 
        * Instance: 
        N/A

        * Loop: 
        +----------+--------+--------+----------+-----------+-----------+------+----------+
        |          |     Latency     | Iteration|  Initiation Interval  | Trip |          |
        | Loop Name|   min  |   max  |  Latency |  achieved |   target  | Count| Pipelined|
        +----------+--------+--------+----------+-----------+-----------+------+----------+
        |- DFT     |  377344|  377344|      1474|          -|          -|   256|    no    |
        | + DFT.1  |    1472|    1472|        46|          -|          -|    32|    no    |
        +----------+--------+--------+----------+-----------+-----------+------+----------+



================================================================
== Utilization Estimates
================================================================
* Summary: 
+-----------------+---------+-------+--------+-------+-----+
|       Name      | BRAM_18K| DSP48E|   FF   |  LUT  | URAM|
+-----------------+---------+-------+--------+-------+-----+
|DSP              |        -|      -|       -|      -|    -|
|Expression       |        -|      0|       0|    440|    -|
|FIFO             |        -|      -|       -|      -|    -|
|Instance         |        -|     10|     696|   1422|    -|
|Memory           |        2|      -|       0|      0|    -|
|Multiplexer      |        -|      -|       -|    411|    -|
|Register         |        -|      -|     388|      -|    -|
+-----------------+---------+-------+--------+-------+-----+
|Total            |        2|     10|    1084|   2273|    0|
+-----------------+---------+-------+--------+-------+-----+
|Available        |      280|    220|  106400|  53200|    0|
+-----------------+---------+-------+--------+-------+-----+
|Utilization (%)  |    ~0   |      4|       1|      4|    0|
+-----------------+---------+-------+--------+-------+-----+

+ Detail: 
    * Instance: 
    +-------------------------+----------------------+---------+-------+-----+-----+-----+
    |         Instance        |        Module        | BRAM_18K| DSP48E|  FF | LUT | URAM|
    +-------------------------+----------------------+---------+-------+-----+-----+-----+
    |dft_fadd_32ns_32ndEe_U1  |dft_fadd_32ns_32ndEe  |        0|      2|  205|  390|    0|
    |dft_fadd_32ns_32ndEe_U2  |dft_fadd_32ns_32ndEe  |        0|      2|  205|  390|    0|
    |dft_fmul_32ns_32neOg_U3  |dft_fmul_32ns_32neOg  |        0|      3|  143|  321|    0|
    |dft_fmul_32ns_32neOg_U4  |dft_fmul_32ns_32neOg  |        0|      3|  143|  321|    0|
    +-------------------------+----------------------+---------+-------+-----+-----+-----+
    |Total                    |                      |        0|     10|  696| 1422|    0|
    +-------------------------+----------------------+---------+-------+-----+-----+-----+

    * DSP48E: 
    N/A

    * Memory: 
    +------------------------+----------------------+---------+---+----+-----+------+-----+------+-------------+
    |         Memory         |        Module        | BRAM_18K| FF| LUT| URAM| Words| Bits| Banks| W*Bits*Banks|
    +------------------------+----------------------+---------+---+----+-----+------+-----+------+-------------+
    |cos_coefficients_tab_U  |dft_cos_coefficiebkb  |        1|  0|   0|    0|   256|   32|     1|         8192|
    |sin_coefficients_tab_U  |dft_sin_coefficiecud  |        1|  0|   0|    0|   256|   32|     1|         8192|
    +------------------------+----------------------+---------+---+----+-----+------+-----+------+-------------+
    |Total                   |                      |        2|  0|   0|    0|   512|   64|     2|        16384|
    +------------------------+----------------------+---------+---+----+-----+------+-----+------+-------------+

    * FIFO: 
    N/A

    * Expression: 
    +----------------------+----------+-------+---+----+------------+------------+
    |     Variable Name    | Operation| DSP48E| FF| LUT| Bitwidth P0| Bitwidth P1|
    +----------------------+----------+-------+---+----+------------+------------+
    |mul_ln29_1_fu_453_p2  |     *    |      0|  0|  41|           8|           8|
    |mul_ln29_2_fu_474_p2  |     *    |      0|  0|  41|           8|           8|
    |mul_ln29_3_fu_495_p2  |     *    |      0|  0|  41|           8|           8|
    |mul_ln29_4_fu_516_p2  |     *    |      0|  0|  41|           8|           8|
    |mul_ln29_5_fu_537_p2  |     *    |      0|  0|  41|           8|           8|
    |mul_ln29_6_fu_558_p2  |     *    |      0|  0|  41|           8|           8|
    |mul_ln29_7_fu_579_p2  |     *    |      0|  0|  41|           8|           8|
    |mul_ln29_fu_420_p2    |     *    |      0|  0|  41|           8|           8|
    |add_ln26_fu_436_p2    |     +    |      0|  0|  15|           4|           9|
    |i_fu_404_p2           |     +    |      0|  0|  15|           1|           9|
    |icmp_ln21_fu_398_p2   |   icmp   |      0|  0|  13|           9|          10|
    |icmp_ln26_fu_410_p2   |   icmp   |      0|  0|  13|           9|          10|
    |or_ln26_1_fu_469_p2   |    or    |      0|  0|   8|           8|           2|
    |or_ln26_2_fu_490_p2   |    or    |      0|  0|   8|           8|           2|
    |or_ln26_3_fu_511_p2   |    or    |      0|  0|   8|           8|           3|
    |or_ln26_4_fu_532_p2   |    or    |      0|  0|   8|           8|           3|
    |or_ln26_5_fu_553_p2   |    or    |      0|  0|   8|           8|           3|
    |or_ln26_6_fu_574_p2   |    or    |      0|  0|   8|           8|           3|
    |or_ln26_fu_448_p2     |    or    |      0|  0|   8|           8|           1|
    +----------------------+----------+-------+---+----+------------+------------+
    |Total                 |          |      0|  0| 440|         143|         119|
    +----------------------+----------+-------+---+----+------------+------------+

    * Multiplexer: 
    +-------------------------------+-----+-----------+-----+-----------+
    |              Name             | LUT | Input Size| Bits| Total Bits|
    +-------------------------------+-----+-----------+-----+-----------+
    |ap_NS_fsm                      |  213|         49|    1|         49|
    |cos_coefficients_tab_address0  |   44|          9|    8|         72|
    |grp_fu_340_p0                  |   15|          3|   32|         96|
    |grp_fu_345_p0                  |   15|          3|   32|         96|
    |i_0_reg_291                    |    9|          2|    9|         18|
    |j_0_0_reg_303                  |    9|          2|    9|         18|
    |real_sample_address0           |   44|          9|    8|         72|
    |sin_coefficients_tab_address0  |   44|          9|    8|         72|
    |temp_I_0_0_reg_327             |    9|          2|   32|         64|
    |temp_R_0_0_reg_314             |    9|          2|   32|         64|
    +-------------------------------+-----+-----------+-----+-----------+
    |Total                          |  411|         90|  171|        621|
    +-------------------------------+-----+-----------+-----+-----------+

    * Register: 
    +--------------------+----+----+-----+-----------+
    |        Name        | FF | LUT| Bits| Const Bits|
    +--------------------+----+----+-----+-----------+
    |add_ln26_reg_644    |   9|   0|    9|          0|
    |ap_CS_fsm           |  48|   0|   48|          0|
    |empty_3_reg_618     |   8|   0|    8|          0|
    |i_0_reg_291         |   9|   0|    9|          0|
    |i_reg_610           |   9|   0|    9|          0|
    |j_0_0_reg_303       |   9|   0|    9|          0|
    |reg_358             |  32|   0|   32|          0|
    |reg_364             |  32|   0|   32|          0|
    |reg_369             |  32|   0|   32|          0|
    |reg_374             |  32|   0|   32|          0|
    |reg_379             |  32|   0|   32|          0|
    |reg_384             |  32|   0|   32|          0|
    |reg_389             |  32|   0|   32|          0|
    |temp_I_0_0_reg_327  |  32|   0|   32|          0|
    |temp_R_0_0_reg_314  |  32|   0|   32|          0|
    |trunc_ln29_reg_595  |   8|   0|    8|          0|
    +--------------------+----+----+-----+-----------+
    |Total               | 388|   0|  388|          0|
    +--------------------+----+----+-----+-----------+



================================================================
== Interface
================================================================
* Summary: 
+----------------------+-----+-----+------------+--------------+--------------+
|       RTL Ports      | Dir | Bits|  Protocol  | Source Object|    C Type    |
+----------------------+-----+-----+------------+--------------+--------------+
|ap_clk                |  in |    1| ap_ctrl_hs |      dft     | return value |
|ap_rst                |  in |    1| ap_ctrl_hs |      dft     | return value |
|ap_start              |  in |    1| ap_ctrl_hs |      dft     | return value |
|ap_done               | out |    1| ap_ctrl_hs |      dft     | return value |
|ap_idle               | out |    1| ap_ctrl_hs |      dft     | return value |
|ap_ready              | out |    1| ap_ctrl_hs |      dft     | return value |
|real_sample_address0  | out |    8|  ap_memory |  real_sample |     array    |
|real_sample_ce0       | out |    1|  ap_memory |  real_sample |     array    |
|real_sample_q0        |  in |   32|  ap_memory |  real_sample |     array    |
|imag_sample_address0  | out |    8|  ap_memory |  imag_sample |     array    |
|imag_sample_ce0       | out |    1|  ap_memory |  imag_sample |     array    |
|imag_sample_we0       | out |    1|  ap_memory |  imag_sample |     array    |
|imag_sample_d0        | out |   32|  ap_memory |  imag_sample |     array    |
|imag_sample_q0        |  in |   32|  ap_memory |  imag_sample |     array    |
|imag_sample_address1  | out |    8|  ap_memory |  imag_sample |     array    |
|imag_sample_ce1       | out |    1|  ap_memory |  imag_sample |     array    |
|imag_sample_we1       | out |    1|  ap_memory |  imag_sample |     array    |
|imag_sample_d1        | out |   32|  ap_memory |  imag_sample |     array    |
|imag_sample_q1        |  in |   32|  ap_memory |  imag_sample |     array    |
|out_real_address0     | out |    8|  ap_memory |   out_real   |     array    |
|out_real_ce0          | out |    1|  ap_memory |   out_real   |     array    |
|out_real_we0          | out |    1|  ap_memory |   out_real   |     array    |
|out_real_d0           | out |   32|  ap_memory |   out_real   |     array    |
|out_img_address0      | out |    8|  ap_memory |    out_img   |     array    |
|out_img_ce0           | out |    1|  ap_memory |    out_img   |     array    |
|out_img_we0           | out |    1|  ap_memory |    out_img   |     array    |
|out_img_d0            | out |   32|  ap_memory |    out_img   |     array    |
+----------------------+-----+-----+------------+--------------+--------------+

