

================================================================
== Vivado HLS Report for 'fir'
================================================================
* Date:           Mon Oct 12 16:08:17 2020

* Version:        2019.1 (Build 2552052 on Fri May 24 15:28:33 MDT 2019)
* Project:        optimized3
* Solution:       cond_remove_II_1
* Product family: zynq
* Target device:  xc7z020-clg400-1


================================================================
== Performance Estimates
================================================================
+ Timing (ns): 
    * Summary: 
    +--------+-------+----------+------------+
    |  Clock | Target| Estimated| Uncertainty|
    +--------+-------+----------+------------+
    |ap_clk  |  10.00|     6.508|        1.25|
    +--------+-------+----------+------------+

+ Latency (clock cycles): 
    * Summary: 
    +-----+-----+-----+-----+---------+
    |  Latency  |  Interval | Pipeline|
    | min | max | min | max |   Type  |
    +-----+-----+-----+-----+---------+
    |  386|  386|  386|  386|   none  |
    +-----+-----+-----+-----+---------+

    + Detail: 
        * Instance: 
        N/A

        * Loop: 
        +----------+-----+-----+----------+-----------+-----------+------+----------+
        |          |  Latency  | Iteration|  Initiation Interval  | Trip |          |
        | Loop Name| min | max |  Latency |  achieved |   target  | Count| Pipelined|
        +----------+-----+-----+----------+-----------+-----------+------+----------+
        |- TDL     |  254|  254|         2|          -|          -|   127|    no    |
        |- MAC     |  129|  129|         3|          1|          1|   128|    yes   |
        +----------+-----+-----+----------+-----------+-----------+------+----------+



================================================================
== Utilization Estimates
================================================================
* Summary: 
+-----------------+---------+-------+--------+-------+-----+
|       Name      | BRAM_18K| DSP48E|   FF   |  LUT  | URAM|
+-----------------+---------+-------+--------+-------+-----+
|DSP              |        -|      1|       -|      -|    -|
|Expression       |        -|      -|       0|     45|    -|
|FIFO             |        -|      -|       -|      -|    -|
|Instance         |        -|      -|       -|      -|    -|
|Memory           |        1|      -|       5|     10|    0|
|Multiplexer      |        -|      -|       -|    120|    -|
|Register         |        -|      -|      61|      -|    -|
+-----------------+---------+-------+--------+-------+-----+
|Total            |        1|      1|      66|    175|    0|
+-----------------+---------+-------+--------+-------+-----+
|Available        |      280|    220|  106400|  53200|    0|
+-----------------+---------+-------+--------+-------+-----+
|Utilization (%)  |    ~0   |   ~0  |   ~0   |   ~0  |    0|
+-----------------+---------+-------+--------+-------+-----+

+ Detail: 
    * Instance: 
    N/A

    * DSP48E: 
    +-------------------------+----------------------+--------------+
    |         Instance        |        Module        |  Expression  |
    +-------------------------+----------------------+--------------+
    |fir_mac_muladd_8sbkb_U1  |fir_mac_muladd_8sbkb  | i0 * i1 + i2 |
    +-------------------------+----------------------+--------------+

    * Memory: 
    +-----------+-------------+---------+---+----+-----+------+-----+------+-------------+
    |   Memory  |    Module   | BRAM_18K| FF| LUT| URAM| Words| Bits| Banks| W*Bits*Banks|
    +-----------+-------------+---------+---+----+-----+------+-----+------+-------------+
    |c_U        |fir_c        |        0|  5|  10|    0|   128|    5|     1|          640|
    |reg_x_V_U  |fir_reg_x_V  |        1|  0|   0|    0|   128|    8|     1|         1024|
    +-----------+-------------+---------+---+----+-----+------+-----+------+-------------+
    |Total      |             |        1|  5|  10|    0|   256|   13|     2|         1664|
    +-----------+-------------+---------+---+----+-----+------+-----+------+-------------+

    * FIFO: 
    N/A

    * Expression: 
    +-------------------------+----------+-------+---+----+------------+------------+
    |      Variable Name      | Operation| DSP48E| FF| LUT| Bitwidth P0| Bitwidth P1|
    +-------------------------+----------+-------+---+----+------------+------------+
    |i_1_fu_189_p2            |     +    |      0|  0|  15|           8|           2|
    |i_fu_159_p2              |     +    |      0|  0|  15|           7|           2|
    |icmp_ln40_fu_153_p2      |   icmp   |      0|  0|  11|           7|           1|
    |ap_enable_pp0            |    xor   |      0|  0|   2|           1|           2|
    |ap_enable_reg_pp0_iter1  |    xor   |      0|  0|   2|           2|           1|
    +-------------------------+----------+-------+---+----+------------+------------+
    |Total                    |          |      0|  0|  45|          25|           8|
    +-------------------------+----------+-------+---+----+------------+------------+

    * Multiplexer: 
    +-------------------------+----+-----------+-----+-----------+
    |           Name          | LUT| Input Size| Bits| Total Bits|
    +-------------------------+----+-----------+-----+-----------+
    |ap_NS_fsm                |  33|          6|    1|          6|
    |ap_enable_reg_pp0_iter1  |   9|          2|    1|          2|
    |ap_enable_reg_pp0_iter2  |   9|          2|    1|          2|
    |i1_0_reg_142             |   9|          2|    8|         16|
    |i_0_reg_117              |   9|          2|    7|         14|
    |p_0507_0_reg_129         |   9|          2|   16|         32|
    |reg_x_V_address0         |  27|          5|    7|         35|
    |reg_x_V_d0               |  15|          3|    8|         24|
    +-------------------------+----+-----------+-----+-----------+
    |Total                    | 120|         24|   49|        131|
    +-------------------------+----+-----------+-----+-----------+

    * Register: 
    +-----------------------------+----+----+-----+-----------+
    |             Name            | FF | LUT| Bits| Const Bits|
    +-----------------------------+----+----+-----+-----------+
    |ap_CS_fsm                    |   5|   0|    5|          0|
    |ap_enable_reg_pp0_iter0      |   1|   0|    1|          0|
    |ap_enable_reg_pp0_iter1      |   1|   0|    1|          0|
    |ap_enable_reg_pp0_iter2      |   1|   0|    1|          0|
    |c_load_reg_247               |   5|   0|    5|          0|
    |i1_0_reg_142                 |   8|   0|    8|          0|
    |i_0_reg_117                  |   7|   0|    7|          0|
    |i_reg_218                    |   7|   0|    7|          0|
    |p_0507_0_reg_129             |  16|   0|   16|          0|
    |reg_x_V_load_1_reg_252       |   8|   0|    8|          0|
    |tmp_1_reg_228                |   1|   0|    1|          0|
    |tmp_1_reg_228_pp0_iter1_reg  |   1|   0|    1|          0|
    +-----------------------------+----+----+-----+-----------+
    |Total                        |  61|   0|   61|          0|
    +-----------------------------+----+----+-----+-----------+



================================================================
== Interface
================================================================
* Summary: 
+------------+-----+-----+------------+--------------+--------------+
|  RTL Ports | Dir | Bits|  Protocol  | Source Object|    C Type    |
+------------+-----+-----+------------+--------------+--------------+
|ap_clk      |  in |    1| ap_ctrl_hs |      fir     | return value |
|ap_rst      |  in |    1| ap_ctrl_hs |      fir     | return value |
|ap_start    |  in |    1| ap_ctrl_hs |      fir     | return value |
|ap_done     | out |    1| ap_ctrl_hs |      fir     | return value |
|ap_idle     | out |    1| ap_ctrl_hs |      fir     | return value |
|ap_ready    | out |    1| ap_ctrl_hs |      fir     | return value |
|y_V         | out |   16|   ap_vld   |      y_V     |    pointer   |
|y_V_ap_vld  | out |    1|   ap_vld   |      y_V     |    pointer   |
|x_V         |  in |    8|   ap_none  |      x_V     |    scalar    |
+------------+-----+-----+------------+--------------+--------------+

