

================================================================
== Vivado HLS Report for 'cordiccart2pol'
================================================================
* Date:           Wed Oct 21 21:07:36 2020

* Version:        2019.1 (Build 2552052 on Fri May 24 15:28:33 MDT 2019)
* Project:        cordiccart2pol
* Solution:       ITER_16
* Product family: zynq
* Target device:  xc7z020-clg400-1


================================================================
== Performance Estimates
================================================================
+ Timing (ns): 
    * Summary: 
    +--------+-------+----------+------------+
    |  Clock | Target| Estimated| Uncertainty|
    +--------+-------+----------+------------+
    |ap_clk  |  10.00|     8.178|        1.25|
    +--------+-------+----------+------------+

+ Latency (clock cycles): 
    * Summary: 
    +-----+-----+-----+-----+---------+
    |  Latency  |  Interval | Pipeline|
    | min | max | min | max |   Type  |
    +-----+-----+-----+-----+---------+
    |  122|  123|  122|  123|   none  |
    +-----+-----+-----+-----+---------+

    + Detail: 
        * Instance: 
        N/A

        * Loop: 
        +------------+-----+-----+----------+-----------+-----------+------+----------+
        |            |  Latency  | Iteration|  Initiation Interval  | Trip |          |
        |  Loop Name | min | max |  Latency |  achieved |   target  | Count| Pipelined|
        +------------+-----+-----+----------+-----------+-----------+------+----------+
        |- Rotation  |  110|  110|        11|          -|          -|    10|    no    |
        +------------+-----+-----+----------+-----------+-----------+------+----------+



================================================================
== Utilization Estimates
================================================================
* Summary: 
+-----------------+---------+-------+--------+-------+-----+
|       Name      | BRAM_18K| DSP48E|   FF   |  LUT  | URAM|
+-----------------+---------+-------+--------+-------+-----+
|DSP              |        -|      -|       -|      -|    -|
|Expression       |        -|      -|       0|    347|    -|
|FIFO             |        -|      -|       -|      -|    -|
|Instance         |        -|     21|    1307|   2654|    -|
|Memory           |        0|      -|      64|     16|    -|
|Multiplexer      |        -|      -|       -|    303|    -|
|Register         |        -|      -|     536|      -|    -|
+-----------------+---------+-------+--------+-------+-----+
|Total            |        0|     21|    1907|   3320|    0|
+-----------------+---------+-------+--------+-------+-----+
|Available        |      280|    220|  106400|  53200|    0|
+-----------------+---------+-------+--------+-------+-----+
|Utilization (%)  |        0|      9|       1|      6|    0|
+-----------------+---------+-------+--------+-------+-----+

+ Detail: 
    * Instance: 
    +-------------------------+----------------------+---------+-------+-----+-----+-----+
    |         Instance        |        Module        | BRAM_18K| DSP48E|  FF | LUT | URAM|
    +-------------------------+----------------------+---------+-------+-----+-----+-----+
    |cordiccart2pol_dmibs_U8  |cordiccart2pol_dmibs  |        0|     11|  317|  578|    0|
    |cordiccart2pol_fadEe_U1  |cordiccart2pol_fadEe  |        0|      2|  205|  390|    0|
    |cordiccart2pol_fadEe_U2  |cordiccart2pol_fadEe  |        0|      2|  205|  390|    0|
    |cordiccart2pol_fchbi_U7  |cordiccart2pol_fchbi  |        0|      0|   66|  239|    0|
    |cordiccart2pol_fmeOg_U3  |cordiccart2pol_fmeOg  |        0|      3|  143|  321|    0|
    |cordiccart2pol_fmeOg_U4  |cordiccart2pol_fmeOg  |        0|      3|  143|  321|    0|
    |cordiccart2pol_fpfYi_U5  |cordiccart2pol_fpfYi  |        0|      0|  128|  277|    0|
    |cordiccart2pol_fpg8j_U6  |cordiccart2pol_fpg8j  |        0|      0|  100|  138|    0|
    +-------------------------+----------------------+---------+-------+-----+-----+-----+
    |Total                    |                      |        0|     21| 1307| 2654|    0|
    +-------------------------+----------------------+---------+-------+-----+-----+-----+

    * DSP48E: 
    N/A

    * Memory: 
    +----------+----------------------+---------+----+----+-----+------+-----+------+-------------+
    |  Memory  |        Module        | BRAM_18K| FF | LUT| URAM| Words| Bits| Banks| W*Bits*Banks|
    +----------+----------------------+---------+----+----+-----+------+-----+------+-------------+
    |angles_U  |cordiccart2pol_ancud  |        0|  32|   8|    0|    16|   32|     1|          512|
    |shift_U   |cordiccart2pol_shbkb  |        0|  32|   8|    0|    16|   32|     1|          512|
    +----------+----------------------+---------+----+----+-----+------+-----+------+-------------+
    |Total     |                      |        0|  64|  16|    0|    32|   64|     2|         1024|
    +----------+----------------------+---------+----+----+-----+------+-----+------+-------------+

    * FIFO: 
    N/A

    * Expression: 
    +-------------------------+----------+-------+---+----+------------+------------+
    |      Variable Name      | Operation| DSP48E| FF| LUT| Bitwidth P0| Bitwidth P1|
    +-------------------------+----------+-------+---+----+------------+------------+
    |i_fu_367_p2              |     +    |      0|  0|  13|           4|           1|
    |and_ln16_fu_271_p2       |    and   |      0|  0|   2|           1|           1|
    |and_ln20_fu_312_p2       |    and   |      0|  0|   2|           1|           1|
    |and_ln39_fu_415_p2       |    and   |      0|  0|   2|           1|           1|
    |icmp_ln16_1_fu_259_p2    |   icmp   |      0|  0|  18|          23|           1|
    |icmp_ln16_fu_253_p2      |   icmp   |      0|  0|  11|           8|           2|
    |icmp_ln20_1_fu_300_p2    |   icmp   |      0|  0|  18|          23|           1|
    |icmp_ln20_fu_294_p2      |   icmp   |      0|  0|  11|           8|           2|
    |icmp_ln35_fu_361_p2      |   icmp   |      0|  0|   9|           4|           4|
    |icmp_ln39_1_fu_403_p2    |   icmp   |      0|  0|  18|          23|           1|
    |icmp_ln39_fu_397_p2      |   icmp   |      0|  0|  11|           8|           2|
    |or_ln16_fu_265_p2        |    or    |      0|  0|   2|           1|           1|
    |or_ln20_fu_306_p2        |    or    |      0|  0|   2|           1|           1|
    |or_ln39_fu_409_p2        |    or    |      0|  0|   2|           1|           1|
    |grp_fu_229_p3            |  select  |      0|  0|  32|           1|          32|
    |select_ln20_1_fu_345_p3  |  select  |      0|  0|  32|           1|          32|
    |select_ln20_2_fu_353_p3  |  select  |      0|  0|  32|           1|          32|
    |select_ln20_fu_336_p3    |  select  |      0|  0|  32|           1|          32|
    |select_ln39_1_fu_421_p3  |  select  |      0|  0|  32|           1|          32|
    |xor_ln22_fu_317_p2       |    xor   |      0|  0|  33|          32|          33|
    |xor_ln29_fu_327_p2       |    xor   |      0|  0|  33|          32|          33|
    +-------------------------+----------+-------+---+----+------------+------------+
    |Total                    |          |      0|  0| 347|         176|         246|
    +-------------------------+----------+-------+---+----+------------+------------+

    * Multiplexer: 
    +-------------------------------------------+-----+-----------+-----+-----------+
    |                    Name                   | LUT | Input Size| Bits| Total Bits|
    +-------------------------------------------+-----+-----------+-----+-----------+
    |ap_NS_fsm                                  |  117|         25|    1|         25|
    |ap_phi_mux_p_23_ph_phi_fu_125_p4           |    9|          2|   32|         64|
    |ap_phi_mux_theta_local_0_ph_phi_fu_114_p4  |    9|          2|   21|         42|
    |ap_phi_mux_x_old_ph_phi_fu_135_p4          |    9|          2|   32|         64|
    |grp_fu_187_opcode                          |   15|          3|    2|          6|
    |grp_fu_187_p0                              |   15|          3|   32|         96|
    |grp_fu_187_p1                              |   15|          3|   32|         96|
    |grp_fu_193_opcode                          |   15|          3|    2|          6|
    |grp_fu_216_opcode                          |   15|          3|    5|         15|
    |grp_fu_216_p0                              |   21|          4|   32|        128|
    |i_0_reg_154                                |    9|          2|    4|          8|
    |p_23_ph_reg_122                            |    9|          2|   32|         64|
    |p_23_reg_165                               |    9|          2|   32|         64|
    |theta_local_0_ph_reg_110                   |    9|          2|   21|         42|
    |theta_local_0_reg_142                      |    9|          2|   32|         64|
    |x_old_ph_reg_132                           |    9|          2|   32|         64|
    |x_old_reg_176                              |    9|          2|   32|         64|
    +-------------------------------------------+-----+-----------+-----+-----------+
    |Total                                      |  303|         64|  376|        912|
    +-------------------------------------------+-----+-----------+-----+-----------+

    * Register: 
    +--------------------------+----+----+-----+-----------+
    |           Name           | FF | LUT| Bits| Const Bits|
    +--------------------------+----+----+-----+-----------+
    |and_ln16_reg_449          |   1|   0|    1|          0|
    |and_ln39_reg_476          |   1|   0|    1|          0|
    |angles_load_reg_488       |  32|   0|   32|          0|
    |ap_CS_fsm                 |  24|   0|   24|          0|
    |bitcast_ln16_reg_444      |  32|   0|   32|          0|
    |i_0_reg_154               |   4|   0|    4|          0|
    |i_reg_461                 |   4|   0|    4|          0|
    |p_23_ph_reg_122           |  32|   0|   32|          0|
    |p_23_reg_165              |  32|   0|   32|          0|
    |select_ln39_reg_503       |  32|   0|   32|          0|
    |shift_load_reg_482        |  32|   0|   32|          0|
    |theta_local_0_ph_reg_110  |  21|   0|   32|         11|
    |theta_local_0_reg_142     |  32|   0|   32|          0|
    |tmp_4_reg_518             |  64|   0|   64|          0|
    |tmp_5_reg_523             |  64|   0|   64|          0|
    |tmp_8_reg_493             |  32|   0|   32|          0|
    |tmp_9_reg_453             |   1|   0|    1|          0|
    |tmp_s_reg_498             |  32|   0|   32|          0|
    |x_old_ph_reg_132          |  32|   0|   32|          0|
    |x_old_reg_176             |  32|   0|   32|          0|
    +--------------------------+----+----+-----+-----------+
    |Total                     | 536|   0|  547|         11|
    +--------------------------+----+----+-----+-----------+



================================================================
== Interface
================================================================
* Summary: 
+--------------+-----+-----+------------+----------------+--------------+
|   RTL Ports  | Dir | Bits|  Protocol  |  Source Object |    C Type    |
+--------------+-----+-----+------------+----------------+--------------+
|ap_clk        |  in |    1| ap_ctrl_hs | cordiccart2pol | return value |
|ap_rst        |  in |    1| ap_ctrl_hs | cordiccart2pol | return value |
|ap_start      |  in |    1| ap_ctrl_hs | cordiccart2pol | return value |
|ap_done       | out |    1| ap_ctrl_hs | cordiccart2pol | return value |
|ap_idle       | out |    1| ap_ctrl_hs | cordiccart2pol | return value |
|ap_ready      | out |    1| ap_ctrl_hs | cordiccart2pol | return value |
|x_1           |  in |   32|   ap_none  |       x_1      |    scalar    |
|y             |  in |   32|   ap_none  |        y       |    scalar    |
|r             | out |   32|   ap_vld   |        r       |    pointer   |
|r_ap_vld      | out |    1|   ap_vld   |        r       |    pointer   |
|theta         | out |   32|   ap_vld   |      theta     |    pointer   |
|theta_ap_vld  | out |    1|   ap_vld   |      theta     |    pointer   |
+--------------+-----+-----+------------+----------------+--------------+

