

================================================================
== Vivado HLS Report for 'fir'
================================================================
* Date:           Tue Oct 13 00:24:44 2020

* Version:        2019.1 (Build 2552052 on Fri May 24 15:28:33 MDT 2019)
* Project:        optimized5
* Solution:       complete_unroll
* Product family: zynq
* Target device:  xc7z020-clg400-1


================================================================
== Performance Estimates
================================================================
+ Timing (ns): 
    * Summary: 
    +--------+-------+----------+------------+
    |  Clock | Target| Estimated| Uncertainty|
    +--------+-------+----------+------------+
    |ap_clk  |  10.00|     9.871|        1.25|
    +--------+-------+----------+------------+

+ Latency (clock cycles): 
    * Summary: 
    +-----+-----+-----+-----+---------+
    |  Latency  |  Interval | Pipeline|
    | min | max | min | max |   Type  |
    +-----+-----+-----+-----+---------+
    |    2|    2|    2|    2|   none  |
    +-----+-----+-----+-----+---------+

    + Detail: 
        * Instance: 
        N/A

        * Loop: 
        N/A



================================================================
== Utilization Estimates
================================================================
* Summary: 
+-----------------+---------+-------+--------+-------+-----+
|       Name      | BRAM_18K| DSP48E|   FF   |  LUT  | URAM|
+-----------------+---------+-------+--------+-------+-----+
|DSP              |        -|     24|       -|      -|    -|
|Expression       |        -|      -|       0|   3885|    -|
|FIFO             |        -|      -|       -|      -|    -|
|Instance         |        -|      -|       -|      -|    -|
|Memory           |        -|      -|       -|      -|    -|
|Multiplexer      |        -|      -|       -|     21|    -|
|Register         |        -|      -|    1479|      -|    -|
+-----------------+---------+-------+--------+-------+-----+
|Total            |        0|     24|    1479|   3906|    0|
+-----------------+---------+-------+--------+-------+-----+
|Available        |      280|    220|  106400|  53200|    0|
+-----------------+---------+-------+--------+-------+-----+
|Utilization (%)  |        0|     10|       1|      7|    0|
+-----------------+---------+-------+--------+-------+-----+

+ Detail: 
    * Instance: 
    N/A

    * DSP48E: 
    +--------------------------+----------------------+--------------+
    |         Instance         |        Module        |  Expression  |
    +--------------------------+----------------------+--------------+
    |fir_mac_muladd_8sbkb_U1   |fir_mac_muladd_8sbkb  | i0 * i1 + i2 |
    |fir_mac_muladd_8sbkb_U8   |fir_mac_muladd_8sbkb  | i0 + i1 * i2 |
    |fir_mac_muladd_8sbkb_U9   |fir_mac_muladd_8sbkb  | i0 * i1 + i2 |
    |fir_mac_muladd_8sbkb_U16  |fir_mac_muladd_8sbkb  | i0 + i1 * i2 |
    |fir_mac_muladd_8sbkb_U17  |fir_mac_muladd_8sbkb  | i0 * i1 + i2 |
    |fir_mac_muladd_8sbkb_U24  |fir_mac_muladd_8sbkb  | i0 + i1 * i2 |
    |fir_mac_muladd_8scud_U2   |fir_mac_muladd_8scud  | i0 + i1 * i2 |
    |fir_mac_muladd_8scud_U7   |fir_mac_muladd_8scud  | i0 * i1 + i2 |
    |fir_mac_muladd_8scud_U10  |fir_mac_muladd_8scud  | i0 + i1 * i2 |
    |fir_mac_muladd_8scud_U15  |fir_mac_muladd_8scud  | i0 * i1 + i2 |
    |fir_mac_muladd_8scud_U18  |fir_mac_muladd_8scud  | i0 + i1 * i2 |
    |fir_mac_muladd_8scud_U23  |fir_mac_muladd_8scud  | i0 * i1 + i2 |
    |fir_mac_muladd_8sdEe_U3   |fir_mac_muladd_8sdEe  | i0 * i1 + i2 |
    |fir_mac_muladd_8sdEe_U4   |fir_mac_muladd_8sdEe  | i0 + i1 * i2 |
    |fir_mac_muladd_8sdEe_U5   |fir_mac_muladd_8sdEe  | i0 * i1 + i2 |
    |fir_mac_muladd_8sdEe_U6   |fir_mac_muladd_8sdEe  | i0 + i1 * i2 |
    |fir_mac_muladd_8sdEe_U11  |fir_mac_muladd_8sdEe  | i0 * i1 + i2 |
    |fir_mac_muladd_8sdEe_U12  |fir_mac_muladd_8sdEe  | i0 + i1 * i2 |
    |fir_mac_muladd_8sdEe_U13  |fir_mac_muladd_8sdEe  | i0 * i1 + i2 |
    |fir_mac_muladd_8sdEe_U14  |fir_mac_muladd_8sdEe  | i0 + i1 * i2 |
    |fir_mac_muladd_8sdEe_U19  |fir_mac_muladd_8sdEe  | i0 * i1 + i2 |
    |fir_mac_muladd_8sdEe_U20  |fir_mac_muladd_8sdEe  | i0 + i1 * i2 |
    |fir_mac_muladd_8sdEe_U21  |fir_mac_muladd_8sdEe  | i0 * i1 + i2 |
    |fir_mac_muladd_8sdEe_U22  |fir_mac_muladd_8sdEe  | i0 + i1 * i2 |
    +--------------------------+----------------------+--------------+

    * Memory: 
    N/A

    * FIFO: 
    N/A

    * Expression: 
    +--------------------------+----------+-------+---+----+------------+------------+
    |       Variable Name      | Operation| DSP48E| FF| LUT| Bitwidth P0| Bitwidth P1|
    +--------------------------+----------+-------+---+----+------------+------------+
    |add_ln1352_10_fu_861_p2   |     +    |      0|  0|  12|          12|          12|
    |add_ln1352_11_fu_905_p2   |     +    |      0|  0|  12|          12|          12|
    |add_ln1352_12_fu_949_p2   |     +    |      0|  0|  12|          12|          12|
    |add_ln1352_13_fu_993_p2   |     +    |      0|  0|  12|          12|          12|
    |add_ln1352_14_fu_1037_p2  |     +    |      0|  0|  12|          12|          12|
    |add_ln1352_15_fu_1081_p2  |     +    |      0|  0|  12|          12|          12|
    |add_ln1352_16_fu_1125_p2  |     +    |      0|  0|  12|          12|          12|
    |add_ln1352_17_fu_1169_p2  |     +    |      0|  0|  12|          12|          12|
    |add_ln1352_18_fu_1213_p2  |     +    |      0|  0|  12|          12|          12|
    |add_ln1352_19_fu_1257_p2  |     +    |      0|  0|  12|          12|          12|
    |add_ln1352_1_fu_465_p2    |     +    |      0|  0|  12|          12|          12|
    |add_ln1352_20_fu_1301_p2  |     +    |      0|  0|  12|          12|          12|
    |add_ln1352_21_fu_2093_p2  |     +    |      0|  0|  12|          12|          12|
    |add_ln1352_22_fu_2137_p2  |     +    |      0|  0|  12|          12|          12|
    |add_ln1352_23_fu_2181_p2  |     +    |      0|  0|  12|          12|          12|
    |add_ln1352_24_fu_2225_p2  |     +    |      0|  0|  12|          12|          12|
    |add_ln1352_25_fu_2269_p2  |     +    |      0|  0|  12|          12|          12|
    |add_ln1352_26_fu_2313_p2  |     +    |      0|  0|  12|          12|          12|
    |add_ln1352_27_fu_2357_p2  |     +    |      0|  0|  12|          12|          12|
    |add_ln1352_28_fu_2401_p2  |     +    |      0|  0|  12|          12|          12|
    |add_ln1352_29_fu_3193_p2  |     +    |      0|  0|  12|          12|          12|
    |add_ln1352_2_fu_509_p2    |     +    |      0|  0|  12|          12|          12|
    |add_ln1352_30_fu_3237_p2  |     +    |      0|  0|  12|          12|          12|
    |add_ln1352_31_fu_3281_p2  |     +    |      0|  0|  12|          12|          12|
    |add_ln1352_32_fu_3325_p2  |     +    |      0|  0|  12|          12|          12|
    |add_ln1352_33_fu_3369_p2  |     +    |      0|  0|  12|          12|          12|
    |add_ln1352_34_fu_3413_p2  |     +    |      0|  0|  12|          12|          12|
    |add_ln1352_35_fu_3457_p2  |     +    |      0|  0|  12|          12|          12|
    |add_ln1352_36_fu_3501_p2  |     +    |      0|  0|  12|          12|          12|
    |add_ln1352_3_fu_553_p2    |     +    |      0|  0|  12|          12|          12|
    |add_ln1352_4_fu_597_p2    |     +    |      0|  0|  12|          12|          12|
    |add_ln1352_5_fu_641_p2    |     +    |      0|  0|  12|          12|          12|
    |add_ln1352_6_fu_685_p2    |     +    |      0|  0|  12|          12|          12|
    |add_ln1352_7_fu_729_p2    |     +    |      0|  0|  12|          12|          12|
    |add_ln1352_8_fu_773_p2    |     +    |      0|  0|  12|          12|          12|
    |add_ln1352_9_fu_817_p2    |     +    |      0|  0|  12|          12|          12|
    |add_ln1352_fu_421_p2      |     +    |      0|  0|  12|          12|          12|
    |add_ln700_100_fu_5645_p2  |     +    |      0|  0|  17|          13|          13|
    |add_ln700_101_fu_5655_p2  |     +    |      0|  0|  19|          14|          14|
    |add_ln700_102_fu_5979_p2  |     +    |      0|  0|  21|          15|          15|
    |add_ln700_103_fu_5661_p2  |     +    |      0|  0|  17|          13|          13|
    |add_ln700_104_fu_5671_p2  |     +    |      0|  0|  17|          13|          13|
    |add_ln700_105_fu_5681_p2  |     +    |      0|  0|  19|          14|          14|
    |add_ln700_106_fu_5687_p2  |     +    |      0|  0|  17|          13|          13|
    |add_ln700_107_fu_5697_p2  |     +    |      0|  0|  17|          13|          13|
    |add_ln700_108_fu_5707_p2  |     +    |      0|  0|  19|          14|          14|
    |add_ln700_109_fu_5995_p2  |     +    |      0|  0|  21|          15|          15|
    |add_ln700_10_fu_5151_p2   |     +    |      0|  0|  17|          13|          13|
    |add_ln700_110_fu_6005_p2  |     +    |      0|  0|  23|          16|          16|
    |add_ln700_111_fu_5713_p2  |     +    |      0|  0|  17|          13|          13|
    |add_ln700_112_fu_5723_p2  |     +    |      0|  0|  17|          13|          13|
    |add_ln700_113_fu_5733_p2  |     +    |      0|  0|  19|          14|          14|
    |add_ln700_114_fu_5739_p2  |     +    |      0|  0|  17|          13|          13|
    |add_ln700_116_fu_5752_p2  |     +    |      0|  0|  19|          14|          14|
    |add_ln700_117_fu_6017_p2  |     +    |      0|  0|  21|          15|          15|
    |add_ln700_119_fu_5758_p2  |     +    |      0|  0|  16|          11|          11|
    |add_ln700_11_fu_5161_p2   |     +    |      0|  0|  19|          14|          14|
    |add_ln700_120_fu_5768_p2  |     +    |      0|  0|  17|          13|          13|
    |add_ln700_123_fu_5779_p2  |     +    |      0|  0|  19|          14|          14|
    |add_ln700_124_fu_6033_p2  |     +    |      0|  0|  21|          15|          15|
    |add_ln700_125_fu_6043_p2  |     +    |      0|  0|  16|          16|          16|
    |add_ln700_126_fu_6049_p2  |     +    |      0|  0|  16|          16|          16|
    |add_ln700_127_fu_6064_p2  |     +    |      0|  0|  16|          16|          16|
    |add_ln700_12_fu_5171_p2   |     +    |      0|  0|  17|          13|          13|
    |add_ln700_13_fu_5181_p2   |     +    |      0|  0|  17|          13|          13|
    |add_ln700_14_fu_5191_p2   |     +    |      0|  0|  19|          14|          14|
    |add_ln700_15_fu_5201_p2   |     +    |      0|  0|  21|          15|          15|
    |add_ln700_16_fu_5804_p2   |     +    |      0|  0|  23|          16|          16|
    |add_ln700_17_fu_5207_p2   |     +    |      0|  0|  17|          13|          13|
    |add_ln700_18_fu_5217_p2   |     +    |      0|  0|  17|          13|          13|
    |add_ln700_19_fu_5227_p2   |     +    |      0|  0|  19|          14|          14|
    |add_ln700_1_fu_361_p2     |     +    |      0|  0|  12|          12|          12|
    |add_ln700_20_fu_5237_p2   |     +    |      0|  0|  17|          13|          13|
    |add_ln700_22_fu_5250_p2   |     +    |      0|  0|  19|          14|          14|
    |add_ln700_23_fu_5260_p2   |     +    |      0|  0|  21|          15|          15|
    |add_ln700_25_fu_5266_p2   |     +    |      0|  0|  16|          11|          11|
    |add_ln700_26_fu_5276_p2   |     +    |      0|  0|  17|          13|          13|
    |add_ln700_29_fu_5287_p2   |     +    |      0|  0|  19|          14|          14|
    |add_ln700_2_fu_371_p2     |     +    |      0|  0|  12|          12|          12|
    |add_ln700_30_fu_5819_p2   |     +    |      0|  0|  21|          15|          15|
    |add_ln700_31_fu_5829_p2   |     +    |      0|  0|  16|          16|          16|
    |add_ln700_32_fu_5835_p2   |     +    |      0|  0|  16|          16|          16|
    |add_ln700_33_fu_5293_p2   |     +    |      0|  0|  17|          13|          13|
    |add_ln700_34_fu_5303_p2   |     +    |      0|  0|  17|          13|          13|
    |add_ln700_35_fu_5313_p2   |     +    |      0|  0|  19|          14|          14|
    |add_ln700_36_fu_5319_p2   |     +    |      0|  0|  17|          13|          13|
    |add_ln700_38_fu_5332_p2   |     +    |      0|  0|  19|          14|          14|
    |add_ln700_39_fu_5847_p2   |     +    |      0|  0|  21|          15|          15|
    |add_ln700_3_fu_5099_p2    |     +    |      0|  0|  16|          13|          13|
    |add_ln700_41_fu_5338_p2   |     +    |      0|  0|  16|          11|          11|
    |add_ln700_42_fu_5348_p2   |     +    |      0|  0|  17|          13|          13|
    |add_ln700_45_fu_5359_p2   |     +    |      0|  0|  19|          14|          14|
    |add_ln700_46_fu_5863_p2   |     +    |      0|  0|  21|          15|          15|
    |add_ln700_47_fu_5873_p2   |     +    |      0|  0|  23|          16|          16|
    |add_ln700_48_fu_5365_p2   |     +    |      0|  0|  17|          13|          13|
    |add_ln700_49_fu_5375_p2   |     +    |      0|  0|  17|          13|          13|
    |add_ln700_4_fu_5109_p2    |     +    |      0|  0|  19|          14|          14|
    |add_ln700_50_fu_5385_p2   |     +    |      0|  0|  19|          14|          14|
    |add_ln700_51_fu_5395_p2   |     +    |      0|  0|  17|          13|          13|
    |add_ln700_53_fu_5408_p2   |     +    |      0|  0|  19|          14|          14|
    |add_ln700_54_fu_5418_p2   |     +    |      0|  0|  21|          15|          15|
    |add_ln700_56_fu_5424_p2   |     +    |      0|  0|  16|          11|          11|
    |add_ln700_57_fu_5434_p2   |     +    |      0|  0|  17|          13|          13|
    |add_ln700_5_fu_5115_p2    |     +    |      0|  0|  17|          13|          13|
    |add_ln700_60_fu_5445_p2   |     +    |      0|  0|  19|          14|          14|
    |add_ln700_61_fu_5888_p2   |     +    |      0|  0|  21|          15|          15|
    |add_ln700_62_fu_5898_p2   |     +    |      0|  0|  23|          16|          16|
    |add_ln700_63_fu_6055_p2   |     +    |      0|  0|  16|          16|          16|
    |add_ln700_64_fu_6059_p2   |     +    |      0|  0|  16|          16|          16|
    |add_ln700_65_fu_5451_p2   |     +    |      0|  0|  17|          13|          13|
    |add_ln700_66_fu_5461_p2   |     +    |      0|  0|  17|          13|          13|
    |add_ln700_67_fu_5471_p2   |     +    |      0|  0|  19|          14|          14|
    |add_ln700_68_fu_5477_p2   |     +    |      0|  0|  17|          13|          13|
    |add_ln700_6_fu_5125_p2    |     +    |      0|  0|  17|          13|          13|
    |add_ln700_70_fu_5490_p2   |     +    |      0|  0|  19|          14|          14|
    |add_ln700_71_fu_5910_p2   |     +    |      0|  0|  21|          15|          15|
    |add_ln700_73_fu_5496_p2   |     +    |      0|  0|  16|          11|          11|
    |add_ln700_74_fu_5506_p2   |     +    |      0|  0|  17|          13|          13|
    |add_ln700_77_fu_5517_p2   |     +    |      0|  0|  19|          14|          14|
    |add_ln700_78_fu_5926_p2   |     +    |      0|  0|  21|          15|          15|
    |add_ln700_79_fu_5936_p2   |     +    |      0|  0|  23|          16|          16|
    |add_ln700_7_fu_5135_p2    |     +    |      0|  0|  19|          14|          14|
    |add_ln700_80_fu_5523_p2   |     +    |      0|  0|  17|          13|          13|
    |add_ln700_81_fu_5533_p2   |     +    |      0|  0|  17|          13|          13|
    |add_ln700_82_fu_5543_p2   |     +    |      0|  0|  19|          14|          14|
    |add_ln700_83_fu_5553_p2   |     +    |      0|  0|  17|          13|          13|
    |add_ln700_85_fu_5566_p2   |     +    |      0|  0|  19|          14|          14|
    |add_ln700_86_fu_5576_p2   |     +    |      0|  0|  21|          15|          15|
    |add_ln700_88_fu_5582_p2   |     +    |      0|  0|  16|          11|          11|
    |add_ln700_89_fu_5592_p2   |     +    |      0|  0|  17|          13|          13|
    |add_ln700_8_fu_5791_p2    |     +    |      0|  0|  21|          15|          15|
    |add_ln700_92_fu_5603_p2   |     +    |      0|  0|  19|          14|          14|
    |add_ln700_93_fu_5951_p2   |     +    |      0|  0|  21|          15|          15|
    |add_ln700_94_fu_5961_p2   |     +    |      0|  0|  16|          16|          16|
    |add_ln700_95_fu_5967_p2   |     +    |      0|  0|  16|          16|          16|
    |add_ln700_96_fu_5609_p2   |     +    |      0|  0|  17|          13|          13|
    |add_ln700_97_fu_5619_p2   |     +    |      0|  0|  17|          13|          13|
    |add_ln700_98_fu_5629_p2   |     +    |      0|  0|  19|          14|          14|
    |add_ln700_99_fu_5635_p2   |     +    |      0|  0|  17|          13|          13|
    |add_ln700_9_fu_5141_p2    |     +    |      0|  0|  17|          13|          13|
    |add_ln700_fu_381_p2       |     +    |      0|  0|  16|          13|          13|
    |ret_V_fu_5089_p2          |     +    |      0|  0|  12|          12|          12|
    |y_V                       |     +    |      0|  0|  16|          16|          16|
    |sub_ln1352_10_fu_1707_p2  |     -    |      0|  0|  16|           1|          12|
    |sub_ln1352_11_fu_1725_p2  |     -    |      0|  0|  16|          12|          12|
    |sub_ln1352_12_fu_1757_p2  |     -    |      0|  0|  16|           1|          12|
    |sub_ln1352_13_fu_1775_p2  |     -    |      0|  0|  16|          12|          12|
    |sub_ln1352_14_fu_1807_p2  |     -    |      0|  0|  16|           1|          12|
    |sub_ln1352_15_fu_1825_p2  |     -    |      0|  0|  16|          12|          12|
    |sub_ln1352_16_fu_1857_p2  |     -    |      0|  0|  16|           1|          12|
    |sub_ln1352_17_fu_1875_p2  |     -    |      0|  0|  16|          12|          12|
    |sub_ln1352_18_fu_1935_p2  |     -    |      0|  0|  12|           1|          12|
    |sub_ln1352_19_fu_2003_p2  |     -    |      0|  0|  13|          11|          11|
    |sub_ln1352_1_fu_1447_p2   |     -    |      0|  0|  12|           1|          12|
    |sub_ln1352_20_fu_2487_p2  |     -    |      0|  0|  16|          11|          11|
    |sub_ln1352_21_fu_2547_p2  |     -    |      0|  0|  12|           1|          12|
    |sub_ln1352_22_fu_2607_p2  |     -    |      0|  0|  16|           1|          12|
    |sub_ln1352_23_fu_2625_p2  |     -    |      0|  0|  16|          12|          12|
    |sub_ln1352_24_fu_2657_p2  |     -    |      0|  0|  16|           1|          12|
    |sub_ln1352_25_fu_2675_p2  |     -    |      0|  0|  16|          12|          12|
    |sub_ln1352_26_fu_2707_p2  |     -    |      0|  0|  16|           1|          12|
    |sub_ln1352_27_fu_2725_p2  |     -    |      0|  0|  16|          12|          12|
    |sub_ln1352_28_fu_2757_p2  |     -    |      0|  0|  16|           1|          12|
    |sub_ln1352_29_fu_2775_p2  |     -    |      0|  0|  16|          12|          12|
    |sub_ln1352_2_fu_1507_p2   |     -    |      0|  0|  16|           1|          12|
    |sub_ln1352_30_fu_2807_p2  |     -    |      0|  0|  16|           1|          12|
    |sub_ln1352_31_fu_2825_p2  |     -    |      0|  0|  16|          12|          12|
    |sub_ln1352_32_fu_2857_p2  |     -    |      0|  0|  16|           1|          12|
    |sub_ln1352_33_fu_2875_p2  |     -    |      0|  0|  16|          12|          12|
    |sub_ln1352_34_fu_2907_p2  |     -    |      0|  0|  16|           1|          12|
    |sub_ln1352_35_fu_2925_p2  |     -    |      0|  0|  16|          12|          12|
    |sub_ln1352_36_fu_2957_p2  |     -    |      0|  0|  16|           1|          12|
    |sub_ln1352_37_fu_2975_p2  |     -    |      0|  0|  16|          12|          12|
    |sub_ln1352_38_fu_3035_p2  |     -    |      0|  0|  12|           1|          12|
    |sub_ln1352_39_fu_3103_p2  |     -    |      0|  0|  13|          11|          11|
    |sub_ln1352_3_fu_1525_p2   |     -    |      0|  0|  16|          12|          12|
    |sub_ln1352_40_fu_3587_p2  |     -    |      0|  0|  16|          11|          11|
    |sub_ln1352_41_fu_3647_p2  |     -    |      0|  0|  12|           1|          12|
    |sub_ln1352_42_fu_3707_p2  |     -    |      0|  0|  16|           1|          12|
    |sub_ln1352_43_fu_3725_p2  |     -    |      0|  0|  16|          12|          12|
    |sub_ln1352_44_fu_3757_p2  |     -    |      0|  0|  16|           1|          12|
    |sub_ln1352_45_fu_3775_p2  |     -    |      0|  0|  16|          12|          12|
    |sub_ln1352_46_fu_3807_p2  |     -    |      0|  0|  16|           1|          12|
    |sub_ln1352_47_fu_3825_p2  |     -    |      0|  0|  16|          12|          12|
    |sub_ln1352_48_fu_3857_p2  |     -    |      0|  0|  16|           1|          12|
    |sub_ln1352_49_fu_3875_p2  |     -    |      0|  0|  16|          12|          12|
    |sub_ln1352_4_fu_1557_p2   |     -    |      0|  0|  16|           1|          12|
    |sub_ln1352_50_fu_3907_p2  |     -    |      0|  0|  16|           1|          12|
    |sub_ln1352_51_fu_3925_p2  |     -    |      0|  0|  16|          12|          12|
    |sub_ln1352_52_fu_3957_p2  |     -    |      0|  0|  16|           1|          12|
    |sub_ln1352_53_fu_3975_p2  |     -    |      0|  0|  16|          12|          12|
    |sub_ln1352_54_fu_4007_p2  |     -    |      0|  0|  16|           1|          12|
    |sub_ln1352_55_fu_4025_p2  |     -    |      0|  0|  16|          12|          12|
    |sub_ln1352_56_fu_4057_p2  |     -    |      0|  0|  16|           1|          12|
    |sub_ln1352_57_fu_4075_p2  |     -    |      0|  0|  16|          12|          12|
    |sub_ln1352_58_fu_4107_p2  |     -    |      0|  0|  16|           1|          12|
    |sub_ln1352_59_fu_4125_p2  |     -    |      0|  0|  16|          12|          12|
    |sub_ln1352_5_fu_1575_p2   |     -    |      0|  0|  16|          12|          12|
    |sub_ln1352_60_fu_4157_p2  |     -    |      0|  0|  16|           1|          12|
    |sub_ln1352_61_fu_4175_p2  |     -    |      0|  0|  16|          12|          12|
    |sub_ln1352_62_fu_4207_p2  |     -    |      0|  0|  16|           1|          12|
    |sub_ln1352_63_fu_4225_p2  |     -    |      0|  0|  16|          12|          12|
    |sub_ln1352_64_fu_4257_p2  |     -    |      0|  0|  16|           1|          12|
    |sub_ln1352_65_fu_4275_p2  |     -    |      0|  0|  16|          12|          12|
    |sub_ln1352_66_fu_4307_p2  |     -    |      0|  0|  16|           1|          12|
    |sub_ln1352_67_fu_4325_p2  |     -    |      0|  0|  16|          12|          12|
    |sub_ln1352_68_fu_4357_p2  |     -    |      0|  0|  16|           1|          12|
    |sub_ln1352_69_fu_4375_p2  |     -    |      0|  0|  16|          12|          12|
    |sub_ln1352_6_fu_1607_p2   |     -    |      0|  0|  16|           1|          12|
    |sub_ln1352_70_fu_4407_p2  |     -    |      0|  0|  16|           1|          12|
    |sub_ln1352_71_fu_4425_p2  |     -    |      0|  0|  16|          12|          12|
    |sub_ln1352_72_fu_4457_p2  |     -    |      0|  0|  16|           1|          12|
    |sub_ln1352_73_fu_4475_p2  |     -    |      0|  0|  16|          12|          12|
    |sub_ln1352_74_fu_4507_p2  |     -    |      0|  0|  16|           1|          12|
    |sub_ln1352_75_fu_4525_p2  |     -    |      0|  0|  16|          12|          12|
    |sub_ln1352_76_fu_4557_p2  |     -    |      0|  0|  16|           1|          12|
    |sub_ln1352_77_fu_4575_p2  |     -    |      0|  0|  16|          12|          12|
    |sub_ln1352_78_fu_4607_p2  |     -    |      0|  0|  16|           1|          12|
    |sub_ln1352_79_fu_4625_p2  |     -    |      0|  0|  16|          12|          12|
    |sub_ln1352_7_fu_1625_p2   |     -    |      0|  0|  16|          12|          12|
    |sub_ln1352_80_fu_4657_p2  |     -    |      0|  0|  16|           1|          12|
    |sub_ln1352_81_fu_4675_p2  |     -    |      0|  0|  16|          12|          12|
    |sub_ln1352_82_fu_4707_p2  |     -    |      0|  0|  16|           1|          12|
    |sub_ln1352_83_fu_4725_p2  |     -    |      0|  0|  16|          12|          12|
    |sub_ln1352_84_fu_4757_p2  |     -    |      0|  0|  16|           1|          12|
    |sub_ln1352_85_fu_4775_p2  |     -    |      0|  0|  16|          12|          12|
    |sub_ln1352_86_fu_4807_p2  |     -    |      0|  0|  16|           1|          12|
    |sub_ln1352_87_fu_4825_p2  |     -    |      0|  0|  16|          12|          12|
    |sub_ln1352_88_fu_4857_p2  |     -    |      0|  0|  16|           1|          12|
    |sub_ln1352_89_fu_4875_p2  |     -    |      0|  0|  16|          12|          12|
    |sub_ln1352_8_fu_1657_p2   |     -    |      0|  0|  16|           1|          12|
    |sub_ln1352_90_fu_4935_p2  |     -    |      0|  0|  12|           1|          12|
    |sub_ln1352_91_fu_5003_p2  |     -    |      0|  0|  13|          11|          11|
    |sub_ln1352_92_fu_1419_p2  |     -    |      0|  0|  13|          11|          11|
    |sub_ln1352_93_fu_1971_p2  |     -    |      0|  0|  16|          11|          11|
    |sub_ln1352_94_fu_2519_p2  |     -    |      0|  0|  13|          11|          11|
    |sub_ln1352_95_fu_3071_p2  |     -    |      0|  0|  16|          11|          11|
    |sub_ln1352_96_fu_3619_p2  |     -    |      0|  0|  13|          11|          11|
    |sub_ln1352_97_fu_4971_p2  |     -    |      0|  0|  16|          11|          11|
    |sub_ln1352_9_fu_1675_p2   |     -    |      0|  0|  16|          12|          12|
    |sub_ln1352_fu_1387_p2     |     -    |      0|  0|  16|          11|          11|
    +--------------------------+----------+-------+---+----+------------+------------+
    |Total                     |          |      0|  0|3885|        2568|        3074|
    +--------------------------+----------+-------+---+----+------------+------------+

    * Multiplexer: 
    +-----------+----+-----------+-----+-----------+
    |    Name   | LUT| Input Size| Bits| Total Bits|
    +-----------+----+-----------+-----+-----------+
    |ap_NS_fsm  |  21|          4|    1|          4|
    +-----------+----+-----------+-----+-----------+
    |Total      |  21|          4|    1|          4|
    +-----------+----+-----------+-----+-----------+

    * Register: 
    +------------------------+----+----+-----+-----------+
    |          Name          | FF | LUT| Bits| Const Bits|
    +------------------------+----+----+-----+-----------+
    |add_ln700_101_reg_6396  |  13|   0|   14|          1|
    |add_ln700_105_reg_6401  |  13|   0|   14|          1|
    |add_ln700_108_reg_6406  |  13|   0|   14|          1|
    |add_ln700_113_reg_6411  |  13|   0|   14|          1|
    |add_ln700_116_reg_6416  |  14|   0|   14|          0|
    |add_ln700_120_reg_6421  |  13|   0|   13|          0|
    |add_ln700_123_reg_6426  |  14|   0|   14|          0|
    |add_ln700_126_reg_6451  |  16|   0|   16|          0|
    |add_ln700_15_reg_6301   |  14|   0|   15|          1|
    |add_ln700_23_reg_6306   |  15|   0|   15|          0|
    |add_ln700_26_reg_6311   |  13|   0|   13|          0|
    |add_ln700_29_reg_6316   |  14|   0|   14|          0|
    |add_ln700_32_reg_6431   |  16|   0|   16|          0|
    |add_ln700_35_reg_6321   |  13|   0|   14|          1|
    |add_ln700_38_reg_6326   |  14|   0|   14|          0|
    |add_ln700_42_reg_6331   |  13|   0|   13|          0|
    |add_ln700_45_reg_6336   |  14|   0|   14|          0|
    |add_ln700_47_reg_6436   |  16|   0|   16|          0|
    |add_ln700_4_reg_6291    |  13|   0|   14|          1|
    |add_ln700_54_reg_6341   |  15|   0|   15|          0|
    |add_ln700_57_reg_6346   |  13|   0|   13|          0|
    |add_ln700_60_reg_6351   |  14|   0|   14|          0|
    |add_ln700_62_reg_6441   |  16|   0|   16|          0|
    |add_ln700_67_reg_6356   |  13|   0|   14|          1|
    |add_ln700_70_reg_6361   |  14|   0|   14|          0|
    |add_ln700_74_reg_6366   |  13|   0|   13|          0|
    |add_ln700_77_reg_6371   |  14|   0|   14|          0|
    |add_ln700_7_reg_6296    |  13|   0|   14|          1|
    |add_ln700_86_reg_6376   |  15|   0|   15|          0|
    |add_ln700_89_reg_6381   |  13|   0|   13|          0|
    |add_ln700_92_reg_6386   |  14|   0|   14|          0|
    |add_ln700_95_reg_6446   |  16|   0|   16|          0|
    |add_ln700_98_reg_6391   |  13|   0|   14|          1|
    |ap_CS_fsm               |   3|   0|    3|          0|
    |reg_x_V_0               |   8|   0|    8|          0|
    |reg_x_V_1               |   8|   0|    8|          0|
    |reg_x_V_10              |   8|   0|    8|          0|
    |reg_x_V_100             |   8|   0|    8|          0|
    |reg_x_V_101             |   8|   0|    8|          0|
    |reg_x_V_102             |   8|   0|    8|          0|
    |reg_x_V_103             |   8|   0|    8|          0|
    |reg_x_V_104             |   8|   0|    8|          0|
    |reg_x_V_105             |   8|   0|    8|          0|
    |reg_x_V_106             |   8|   0|    8|          0|
    |reg_x_V_107             |   8|   0|    8|          0|
    |reg_x_V_108             |   8|   0|    8|          0|
    |reg_x_V_109             |   8|   0|    8|          0|
    |reg_x_V_11              |   8|   0|    8|          0|
    |reg_x_V_110             |   8|   0|    8|          0|
    |reg_x_V_111             |   8|   0|    8|          0|
    |reg_x_V_112             |   8|   0|    8|          0|
    |reg_x_V_113             |   8|   0|    8|          0|
    |reg_x_V_114             |   8|   0|    8|          0|
    |reg_x_V_115             |   8|   0|    8|          0|
    |reg_x_V_116             |   8|   0|    8|          0|
    |reg_x_V_117             |   8|   0|    8|          0|
    |reg_x_V_118             |   8|   0|    8|          0|
    |reg_x_V_119             |   8|   0|    8|          0|
    |reg_x_V_12              |   8|   0|    8|          0|
    |reg_x_V_120             |   8|   0|    8|          0|
    |reg_x_V_121             |   8|   0|    8|          0|
    |reg_x_V_122             |   8|   0|    8|          0|
    |reg_x_V_123             |   8|   0|    8|          0|
    |reg_x_V_124             |   8|   0|    8|          0|
    |reg_x_V_125             |   8|   0|    8|          0|
    |reg_x_V_126             |   8|   0|    8|          0|
    |reg_x_V_13              |   8|   0|    8|          0|
    |reg_x_V_14              |   8|   0|    8|          0|
    |reg_x_V_15              |   8|   0|    8|          0|
    |reg_x_V_16              |   8|   0|    8|          0|
    |reg_x_V_17              |   8|   0|    8|          0|
    |reg_x_V_18              |   8|   0|    8|          0|
    |reg_x_V_19              |   8|   0|    8|          0|
    |reg_x_V_2               |   8|   0|    8|          0|
    |reg_x_V_20              |   8|   0|    8|          0|
    |reg_x_V_21              |   8|   0|    8|          0|
    |reg_x_V_22              |   8|   0|    8|          0|
    |reg_x_V_23              |   8|   0|    8|          0|
    |reg_x_V_24              |   8|   0|    8|          0|
    |reg_x_V_25              |   8|   0|    8|          0|
    |reg_x_V_26              |   8|   0|    8|          0|
    |reg_x_V_27              |   8|   0|    8|          0|
    |reg_x_V_28              |   8|   0|    8|          0|
    |reg_x_V_29              |   8|   0|    8|          0|
    |reg_x_V_3               |   8|   0|    8|          0|
    |reg_x_V_30              |   8|   0|    8|          0|
    |reg_x_V_31              |   8|   0|    8|          0|
    |reg_x_V_32              |   8|   0|    8|          0|
    |reg_x_V_33              |   8|   0|    8|          0|
    |reg_x_V_34              |   8|   0|    8|          0|
    |reg_x_V_35              |   8|   0|    8|          0|
    |reg_x_V_36              |   8|   0|    8|          0|
    |reg_x_V_37              |   8|   0|    8|          0|
    |reg_x_V_38              |   8|   0|    8|          0|
    |reg_x_V_39              |   8|   0|    8|          0|
    |reg_x_V_4               |   8|   0|    8|          0|
    |reg_x_V_40              |   8|   0|    8|          0|
    |reg_x_V_41              |   8|   0|    8|          0|
    |reg_x_V_42              |   8|   0|    8|          0|
    |reg_x_V_43              |   8|   0|    8|          0|
    |reg_x_V_44              |   8|   0|    8|          0|
    |reg_x_V_45              |   8|   0|    8|          0|
    |reg_x_V_46              |   8|   0|    8|          0|
    |reg_x_V_47              |   8|   0|    8|          0|
    |reg_x_V_48              |   8|   0|    8|          0|
    |reg_x_V_49              |   8|   0|    8|          0|
    |reg_x_V_5               |   8|   0|    8|          0|
    |reg_x_V_50              |   8|   0|    8|          0|
    |reg_x_V_51              |   8|   0|    8|          0|
    |reg_x_V_52              |   8|   0|    8|          0|
    |reg_x_V_53              |   8|   0|    8|          0|
    |reg_x_V_54              |   8|   0|    8|          0|
    |reg_x_V_55              |   8|   0|    8|          0|
    |reg_x_V_56              |   8|   0|    8|          0|
    |reg_x_V_57              |   8|   0|    8|          0|
    |reg_x_V_58              |   8|   0|    8|          0|
    |reg_x_V_59              |   8|   0|    8|          0|
    |reg_x_V_6               |   8|   0|    8|          0|
    |reg_x_V_60              |   8|   0|    8|          0|
    |reg_x_V_61              |   8|   0|    8|          0|
    |reg_x_V_62              |   8|   0|    8|          0|
    |reg_x_V_63              |   8|   0|    8|          0|
    |reg_x_V_64              |   8|   0|    8|          0|
    |reg_x_V_65              |   8|   0|    8|          0|
    |reg_x_V_66              |   8|   0|    8|          0|
    |reg_x_V_67              |   8|   0|    8|          0|
    |reg_x_V_68              |   8|   0|    8|          0|
    |reg_x_V_69              |   8|   0|    8|          0|
    |reg_x_V_7               |   8|   0|    8|          0|
    |reg_x_V_70              |   8|   0|    8|          0|
    |reg_x_V_71              |   8|   0|    8|          0|
    |reg_x_V_72              |   8|   0|    8|          0|
    |reg_x_V_73              |   8|   0|    8|          0|
    |reg_x_V_74              |   8|   0|    8|          0|
    |reg_x_V_75              |   8|   0|    8|          0|
    |reg_x_V_76              |   8|   0|    8|          0|
    |reg_x_V_77              |   8|   0|    8|          0|
    |reg_x_V_78              |   8|   0|    8|          0|
    |reg_x_V_79              |   8|   0|    8|          0|
    |reg_x_V_8               |   8|   0|    8|          0|
    |reg_x_V_80              |   8|   0|    8|          0|
    |reg_x_V_81              |   8|   0|    8|          0|
    |reg_x_V_82              |   8|   0|    8|          0|
    |reg_x_V_83              |   8|   0|    8|          0|
    |reg_x_V_84              |   8|   0|    8|          0|
    |reg_x_V_85              |   8|   0|    8|          0|
    |reg_x_V_86              |   8|   0|    8|          0|
    |reg_x_V_87              |   8|   0|    8|          0|
    |reg_x_V_88              |   8|   0|    8|          0|
    |reg_x_V_89              |   8|   0|    8|          0|
    |reg_x_V_9               |   8|   0|    8|          0|
    |reg_x_V_90              |   8|   0|    8|          0|
    |reg_x_V_91              |   8|   0|    8|          0|
    |reg_x_V_92              |   8|   0|    8|          0|
    |reg_x_V_93              |   8|   0|    8|          0|
    |reg_x_V_94              |   8|   0|    8|          0|
    |reg_x_V_95              |   8|   0|    8|          0|
    |reg_x_V_96              |   8|   0|    8|          0|
    |reg_x_V_97              |   8|   0|    8|          0|
    |reg_x_V_98              |   8|   0|    8|          0|
    |reg_x_V_99              |   8|   0|    8|          0|
    +------------------------+----+----+-----+-----------+
    |Total                   |1479|   0| 1489|         10|
    +------------------------+----+----+-----+-----------+



================================================================
== Interface
================================================================
* Summary: 
+------------+-----+-----+------------+--------------+--------------+
|  RTL Ports | Dir | Bits|  Protocol  | Source Object|    C Type    |
+------------+-----+-----+------------+--------------+--------------+
|ap_clk      |  in |    1| ap_ctrl_hs |      fir     | return value |
|ap_rst      |  in |    1| ap_ctrl_hs |      fir     | return value |
|ap_start    |  in |    1| ap_ctrl_hs |      fir     | return value |
|ap_done     | out |    1| ap_ctrl_hs |      fir     | return value |
|ap_idle     | out |    1| ap_ctrl_hs |      fir     | return value |
|ap_ready    | out |    1| ap_ctrl_hs |      fir     | return value |
|y_V         | out |   16|   ap_vld   |      y_V     |    pointer   |
|y_V_ap_vld  | out |    1|   ap_vld   |      y_V     |    pointer   |
|x_V         |  in |    8|   ap_none  |      x_V     |    scalar    |
+------------+-----+-----+------------+--------------+--------------+

