

================================================================
== Vivado HLS Report for 'cordiccart2pol'
================================================================
* Date:           Sat Oct 24 11:08:52 2020

* Version:        2019.1 (Build 2552052 on Fri May 24 15:28:33 MDT 2019)
* Project:        cordiccart2pol
* Solution:       partly_bit_9
* Product family: zynq
* Target device:  xc7z020-clg400-1


================================================================
== Performance Estimates
================================================================
+ Timing (ns): 
    * Summary: 
    +--------+-------+----------+------------+
    |  Clock | Target| Estimated| Uncertainty|
    +--------+-------+----------+------------+
    |ap_clk  |  10.00|     8.425|        1.25|
    +--------+-------+----------+------------+

+ Latency (clock cycles): 
    * Summary: 
    +-----+-----+-----+-----+---------+
    |  Latency  |  Interval | Pipeline|
    | min | max | min | max |   Type  |
    +-----+-----+-----+-----+---------+
    |    5|    5|    5|    5|   none  |
    +-----+-----+-----+-----+---------+

    + Detail: 
        * Instance: 
        N/A

        * Loop: 
        N/A



================================================================
== Utilization Estimates
================================================================
* Summary: 
+-----------------+---------+-------+--------+-------+-----+
|       Name      | BRAM_18K| DSP48E|   FF   |  LUT  | URAM|
+-----------------+---------+-------+--------+-------+-----+
|DSP              |        -|      -|       -|      -|    -|
|Expression       |        -|      -|       0|   2706|    -|
|FIFO             |        -|      -|       -|      -|    -|
|Instance         |        -|      0|     200|    276|    -|
|Memory           |     1024|      -|       0|      0|    0|
|Multiplexer      |        -|      -|       -|     38|    -|
|Register         |        -|      -|     668|      -|    -|
+-----------------+---------+-------+--------+-------+-----+
|Total            |     1024|      0|     868|   3020|    0|
+-----------------+---------+-------+--------+-------+-----+
|Available        |      280|    220|  106400|  53200|    0|
+-----------------+---------+-------+--------+-------+-----+
|Utilization (%)  |      365|      0|   ~0   |      5|    0|
+-----------------+---------+-------+--------+-------+-----+

+ Detail: 
    * Instance: 
    +-------------------------+----------------------+---------+-------+-----+-----+-----+
    |         Instance        |        Module        | BRAM_18K| DSP48E|  FF | LUT | URAM|
    +-------------------------+----------------------+---------+-------+-----+-----+-----+
    |cordiccart2pol_fpdEe_U1  |cordiccart2pol_fpdEe  |        0|      0|  100|  138|    0|
    |cordiccart2pol_fpdEe_U2  |cordiccart2pol_fpdEe  |        0|      0|  100|  138|    0|
    +-------------------------+----------------------+---------+-------+-----+-----+-----+
    |Total                    |                      |        0|      0|  200|  276|    0|
    +-------------------------+----------------------+---------+-------+-----+-----+-----+

    * DSP48E: 
    N/A

    * Memory: 
    +-------------+----------------------+---------+---+----+-----+--------+-----+------+-------------+
    |    Memory   |        Module        | BRAM_18K| FF| LUT| URAM|  Words | Bits| Banks| W*Bits*Banks|
    +-------------+----------------------+---------+---+----+-----+--------+-----+------+-------------+
    |my_LUT_r_U   |cordiccart2pol_mybkb  |      512|  0|   0|    0|  262144|   32|     1|      8388608|
    |my_LUT_th_U  |cordiccart2pol_mybkb  |      512|  0|   0|    0|  262144|   32|     1|      8388608|
    +-------------+----------------------+---------+---+----+-----+--------+-----+------+-------------+
    |Total        |                      |     1024|  0|   0|    0|  524288|   64|     2|     16777216|
    +-------------+----------------------+---------+---+----+-----+--------+-----+------+-------------+

    * FIFO: 
    N/A

    * Expression: 
    +--------------------------------+----------+-------+---+-----+------------+------------+
    |          Variable Name         | Operation| DSP48E| FF| LUT | Bitwidth P0| Bitwidth P1|
    +--------------------------------+----------+-------+---+-----+------------+------------+
    |add_ln581_1_fu_338_p2           |     +    |      0|  0|   12|           4|          12|
    |add_ln581_fu_238_p2             |     +    |      0|  0|   12|           4|          12|
    |add_ln591_1_fu_727_p2           |     +    |      0|  0|   12|           5|          12|
    |add_ln591_fu_436_p2             |     +    |      0|  0|   12|           5|          12|
    |empty_7_fu_800_p2               |     +    |      0|  0|   12|          12|          12|
    |empty_fu_509_p2                 |     +    |      0|  0|   12|          12|          12|
    |exp_V_1_fu_649_p2               |     +    |      0|  0|   12|          11|          12|
    |exp_V_fu_358_p2                 |     +    |      0|  0|   12|          11|          12|
    |p_Val2_5_fu_472_p2              |     +    |      0|  0|   15|           9|           9|
    |p_Val2_9_fu_763_p2              |     +    |      0|  0|   15|           9|           9|
    |pos1_1_fu_822_p2                |     +    |      0|  0|   12|           2|          12|
    |pos1_fu_531_p2                  |     +    |      0|  0|   12|           2|          12|
    |pos2_1_fu_831_p2                |     +    |      0|  0|   12|           2|          12|
    |pos2_fu_540_p2                  |     +    |      0|  0|   12|           2|          12|
    |F2_1_fu_316_p2                  |     -    |      0|  0|   12|          11|          12|
    |F2_fu_216_p2                    |     -    |      0|  0|   12|          11|          12|
    |man_V_1_fu_204_p2               |     -    |      0|  0|   61|           1|          54|
    |man_V_4_fu_304_p2               |     -    |      0|  0|   61|           1|          54|
    |sub_ln581_1_fu_344_p2           |     -    |      0|  0|   12|           3|          12|
    |sub_ln581_fu_244_p2             |     -    |      0|  0|   12|           3|          12|
    |Range1_all_ones_1_fu_589_p2     |    and   |      0|  0|    2|           1|           1|
    |Range1_all_ones_2_fu_1357_p2    |    and   |      0|  0|    2|           1|           1|
    |Range1_all_ones_3_fu_880_p2     |    and   |      0|  0|    2|           1|           1|
    |Range1_all_ones_fu_1061_p2      |    and   |      0|  0|    2|           1|           1|
    |and_ln340_1_fu_1609_p2          |    and   |      0|  0|    2|           1|           1|
    |and_ln340_2_fu_1615_p2          |    and   |      0|  0|    2|           1|           1|
    |and_ln340_3_fu_1693_p2          |    and   |      0|  0|    2|           1|           1|
    |and_ln340_4_fu_1705_p2          |    and   |      0|  0|    2|           1|           1|
    |and_ln340_5_fu_1711_p2          |    and   |      0|  0|    2|           1|           1|
    |and_ln340_fu_1597_p2            |    and   |      0|  0|    2|           1|           1|
    |and_ln403_1_fu_975_p2           |    and   |      0|  0|    2|           1|           1|
    |and_ln403_2_fu_999_p2           |    and   |      0|  0|    2|           1|           1|
    |and_ln403_3_fu_1255_p2          |    and   |      0|  0|    2|           1|           1|
    |and_ln403_4_fu_1271_p2          |    and   |      0|  0|    2|           1|           1|
    |and_ln403_5_fu_1295_p2          |    and   |      0|  0|    2|           1|           1|
    |and_ln403_fu_959_p2             |    and   |      0|  0|    2|           1|           1|
    |and_ln557_1_fu_1508_p2          |    and   |      0|  0|    2|           1|           1|
    |and_ln557_fu_1212_p2            |    and   |      0|  0|    2|           1|           1|
    |and_ln578_1_fu_783_p2           |    and   |      0|  0|    2|           1|           1|
    |and_ln578_fu_492_p2             |    and   |      0|  0|    2|           1|           1|
    |and_ln603_1_fu_1005_p2          |    and   |      0|  0|    2|           1|           1|
    |and_ln603_2_fu_1015_p2          |    and   |      0|  0|    2|           1|           1|
    |and_ln603_3_fu_1283_p2          |    and   |      0|  0|    2|           1|           1|
    |and_ln603_4_fu_1301_p2          |    and   |      0|  0|    2|           1|           1|
    |and_ln603_5_fu_1311_p2          |    and   |      0|  0|    2|           1|           1|
    |and_ln603_fu_987_p2             |    and   |      0|  0|    2|           1|           1|
    |and_ln621_2_fu_1201_p2          |    and   |      0|  0|    2|           1|           1|
    |and_ln621_3_fu_1207_p2          |    and   |      0|  0|    2|           1|           1|
    |and_ln621_4_fu_874_p2           |    and   |      0|  0|    2|           1|           1|
    |and_ln621_6_fu_1497_p2          |    and   |      0|  0|    2|           1|           1|
    |and_ln621_7_fu_1503_p2          |    and   |      0|  0|    2|           1|           1|
    |and_ln621_fu_583_p2             |    and   |      0|  0|    2|           1|           1|
    |and_ln631_1_fu_1330_p2          |    and   |      0|  0|    2|           1|           1|
    |and_ln631_fu_1034_p2            |    and   |      0|  0|    2|           1|           1|
    |and_ln639_1_fu_1353_p2          |    and   |      0|  0|    2|           1|           1|
    |and_ln639_fu_1057_p2            |    and   |      0|  0|    2|           1|           1|
    |and_ln641_1_fu_1372_p2          |    and   |      0|  0|    2|           1|           1|
    |and_ln641_fu_1076_p2            |    and   |      0|  0|    2|           1|           1|
    |and_ln642_1_fu_934_p2           |    and   |      0|  0|    2|           1|           1|
    |and_ln642_fu_643_p2             |    and   |      0|  0|    2|           1|           1|
    |and_ln652_1_fu_1447_p2          |    and   |      0|  0|    2|           1|           1|
    |and_ln652_fu_1151_p2            |    and   |      0|  0|    2|           1|           1|
    |and_ln654_1_fu_1474_p2          |    and   |      0|  0|    2|           1|           1|
    |and_ln654_fu_1178_p2            |    and   |      0|  0|    2|           1|           1|
    |and_ln658_2_fu_1587_p2          |    and   |      0|  0|    2|           1|           1|
    |and_ln658_3_fu_1628_p2          |    and   |      0|  0|    2|           1|           1|
    |and_ln658_5_fu_1683_p2          |    and   |      0|  0|    2|           1|           1|
    |and_ln658_fu_1532_p2            |    and   |      0|  0|    2|           1|           1|
    |and_ln659_1_fu_1526_p2          |    and   |      0|  0|    2|           1|           1|
    |and_ln659_fu_1230_p2            |    and   |      0|  0|    2|           1|           1|
    |overflow_1_fu_1642_p2           |    and   |      0|  0|    2|           1|           1|
    |overflow_fu_1546_p2             |    and   |      0|  0|    2|           1|           1|
    |ashr_ln586_1_fu_685_p2          |   ashr   |      0|  0|  162|          54|          54|
    |ashr_ln586_fu_394_p2            |   ashr   |      0|  0|  162|          54|          54|
    |ashr_ln623_1_fu_864_p2          |   ashr   |      0|  0|  162|          54|          54|
    |ashr_ln623_fu_573_p2            |   ashr   |      0|  0|  162|          54|          54|
    |QUAN_INC_1_fu_332_p2            |   icmp   |      0|  0|   13|           9|           1|
    |QUAN_INC_fu_232_p2              |   icmp   |      0|  0|   13|           9|           1|
    |Range1_all_zeros_1_fu_625_p2    |   icmp   |      0|  0|   29|          54|           1|
    |Range1_all_zeros_3_fu_916_p2    |   icmp   |      0|  0|   29|          54|           1|
    |Range2_all_ones_1_fu_1340_p2    |   icmp   |      0|  0|   29|          54|          54|
    |Range2_all_ones_fu_1044_p2      |   icmp   |      0|  0|   29|          54|          54|
    |icmp10_fu_525_p2                |   icmp   |      0|  0|   13|          11|           1|
    |icmp33_fu_816_p2                |   icmp   |      0|  0|   13|          11|           1|
    |icmp_ln571_1_fu_310_p2          |   icmp   |      0|  0|   29|          63|           1|
    |icmp_ln571_fu_210_p2            |   icmp   |      0|  0|   29|          63|           1|
    |icmp_ln578_2_fu_788_p2          |   icmp   |      0|  0|   13|          12|           3|
    |icmp_ln578_fu_497_p2            |   icmp   |      0|  0|   13|          12|           3|
    |icmp_ln582_1_fu_662_p2          |   icmp   |      0|  0|   13|          12|           3|
    |icmp_ln582_fu_371_p2            |   icmp   |      0|  0|   13|          12|           3|
    |icmp_ln585_1_fu_671_p2          |   icmp   |      0|  0|   13|          12|           6|
    |icmp_ln585_fu_380_p2            |   icmp   |      0|  0|   13|          12|           6|
    |icmp_ln591_1_fu_722_p2          |   icmp   |      0|  0|   13|          12|           6|
    |icmp_ln591_fu_431_p2            |   icmp   |      0|  0|   13|          12|           6|
    |icmp_ln603_1_fu_676_p2          |   icmp   |      0|  0|   13|          12|           4|
    |icmp_ln603_fu_385_p2            |   icmp   |      0|  0|   13|          12|           4|
    |icmp_ln621_1_fu_840_p2          |   icmp   |      0|  0|   13|          12|           6|
    |icmp_ln621_fu_549_p2            |   icmp   |      0|  0|   13|          12|           6|
    |icmp_ln631_1_fu_894_p2          |   icmp   |      0|  0|   13|          12|           6|
    |icmp_ln631_fu_603_p2            |   icmp   |      0|  0|   13|          12|           6|
    |icmp_ln641_1_fu_1362_p2         |   icmp   |      0|  0|   29|          54|           1|
    |icmp_ln641_fu_1066_p2           |   icmp   |      0|  0|   29|          54|           1|
    |icmp_ln642_1_fu_910_p2          |   icmp   |      0|  0|   13|          12|           6|
    |icmp_ln642_fu_619_p2            |   icmp   |      0|  0|   13|          12|           6|
    |Range2_V_1_fu_613_p2            |   lshr   |      0|  0|  162|          54|          54|
    |Range2_V_3_fu_904_p2            |   lshr   |      0|  0|  162|          54|          54|
    |r_V_1_fu_1335_p2                |   lshr   |      0|  0|  162|           2|          54|
    |r_V_fu_1039_p2                  |   lshr   |      0|  0|  162|           2|          54|
    |or_ln340_1_fu_1648_p2           |    or    |      0|  0|    2|           1|           1|
    |or_ln340_2_fu_1603_p2           |    or    |      0|  0|    2|           1|           1|
    |or_ln340_3_fu_1699_p2           |    or    |      0|  0|    2|           1|           1|
    |or_ln340_fu_1552_p2             |    or    |      0|  0|    2|           1|           1|
    |or_ln557_1_fu_1491_p2           |    or    |      0|  0|    2|           1|           1|
    |or_ln557_fu_1195_p2             |    or    |      0|  0|    2|           1|           1|
    |or_ln639_1_fu_928_p2            |    or    |      0|  0|    2|           1|           1|
    |or_ln639_fu_637_p2              |    or    |      0|  0|    2|           1|           1|
    |or_ln645_1_fu_1378_p2           |    or    |      0|  0|    2|           1|           1|
    |or_ln645_fu_1082_p2             |    or    |      0|  0|    2|           1|           1|
    |or_ln652_1_fu_1164_p2           |    or    |      0|  0|    2|           1|           1|
    |or_ln652_2_fu_1441_p2           |    or    |      0|  0|    2|           1|           1|
    |or_ln652_3_fu_1460_p2           |    or    |      0|  0|    2|           1|           1|
    |or_ln652_4_fu_1133_p2           |    or    |      0|  0|    2|           1|           1|
    |or_ln652_5_fu_1429_p2           |    or    |      0|  0|    2|           1|           1|
    |or_ln652_6_fu_1128_p2           |    or    |      0|  0|    2|           1|           1|
    |or_ln652_7_fu_1424_p2           |    or    |      0|  0|    2|           1|           1|
    |or_ln652_fu_1145_p2             |    or    |      0|  0|    2|           1|           1|
    |or_ln658_1_fu_1632_p2           |    or    |      0|  0|    2|           1|           1|
    |or_ln658_fu_1536_p2             |    or    |      0|  0|    2|           1|           1|
    |sel_tmp126_demorgan_fu_1667_p2  |    or    |      0|  0|    2|           1|           1|
    |sel_tmp57_demorgan_fu_1571_p2   |    or    |      0|  0|    2|           1|           1|
    |deleted_ones_1_fu_1466_p3       |  select  |      0|  0|    2|           1|           1|
    |deleted_ones_fu_1170_p3         |  select  |      0|  0|    2|           1|           1|
    |deleted_zeros_1_fu_1410_p3      |  select  |      0|  0|    2|           1|           1|
    |deleted_zeros_fu_1114_p3        |  select  |      0|  0|    2|           1|           1|
    |fixed_x_V_fu_1620_p3            |  select  |      0|  0|    9|           1|           9|
    |fixed_y_V_fu_1716_p3            |  select  |      0|  0|    9|           1|           9|
    |p_Val2_10_fu_1287_p3            |  select  |      0|  0|    9|           1|           9|
    |p_Val2_12_fu_363_p3             |  select  |      0|  0|   54|           1|          54|
    |p_Val2_4_fu_423_p3              |  select  |      0|  0|    9|           1|           9|
    |p_Val2_6_fu_991_p3              |  select  |      0|  0|    9|           1|           9|
    |p_Val2_8_fu_714_p3              |  select  |      0|  0|    9|           1|           9|
    |p_Val2_s_fu_654_p3              |  select  |      0|  0|   54|           1|          54|
    |qb_1_fu_744_p3                  |  select  |      0|  0|    2|           1|           1|
    |qb_fu_453_p3                    |  select  |      0|  0|    2|           1|           1|
    |sel_tmp127_fu_1671_p3           |  select  |      0|  0|    9|           1|           9|
    |sel_tmp58_fu_1575_p3            |  select  |      0|  0|    9|           1|           9|
    |select_ln403_1_fu_980_p3        |  select  |      0|  0|    9|           1|           9|
    |select_ln403_2_fu_1259_p3       |  select  |      0|  0|    9|           1|           9|
    |select_ln403_3_fu_1276_p3       |  select  |      0|  0|    9|           1|           9|
    |select_ln403_fu_963_p3          |  select  |      0|  0|    9|           1|           9|
    |select_ln571_1_fu_1661_p3       |  select  |      0|  0|    9|           1|           1|
    |select_ln571_fu_1565_p3         |  select  |      0|  0|    9|           1|           1|
    |select_ln582_1_fu_1249_p3       |  select  |      0|  0|    9|           1|           9|
    |select_ln582_fu_953_p3          |  select  |      0|  0|    9|           1|           9|
    |select_ln588_1_fu_706_p3        |  select  |      0|  0|    2|           1|           2|
    |select_ln588_fu_415_p3          |  select  |      0|  0|    2|           1|           2|
    |select_ln631_1_fu_1345_p3       |  select  |      0|  0|    2|           1|           1|
    |select_ln631_fu_1049_p3         |  select  |      0|  0|    2|           1|           1|
    |select_ln639_1_fu_1106_p3       |  select  |      0|  0|    2|           1|           1|
    |select_ln639_2_fu_1387_p3       |  select  |      0|  0|    2|           1|           1|
    |select_ln639_3_fu_1402_p3       |  select  |      0|  0|    2|           1|           1|
    |select_ln639_fu_1091_p3         |  select  |      0|  0|    2|           1|           1|
    |select_ln642_1_fu_1099_p3       |  select  |      0|  0|    2|           1|           1|
    |select_ln642_2_fu_1382_p3       |  select  |      0|  0|    2|           1|           1|
    |select_ln642_3_fu_1395_p3       |  select  |      0|  0|    2|           1|           1|
    |select_ln642_fu_1086_p3         |  select  |      0|  0|    2|           1|           1|
    |sh_amt_1_fu_350_p3              |  select  |      0|  0|   12|           1|          12|
    |sh_amt_fu_250_p3                |  select  |      0|  0|   12|           1|          12|
    |tmp136_cast_cast_fu_502_p3      |  select  |      0|  0|    2|           1|           2|
    |tmp140_cast_cast_fu_793_p3      |  select  |      0|  0|    2|           1|           2|
    |underflow_1_fu_1512_p3          |  select  |      0|  0|    2|           1|           1|
    |underflow_fu_1216_p3            |  select  |      0|  0|    2|           1|           1|
    |shl_ln604_1_fu_1239_p2          |    shl   |      0|  0|   21|           9|           9|
    |shl_ln604_fu_943_p2             |    shl   |      0|  0|   21|           9|           9|
    |Range1_all_zeros_2_fu_1367_p2   |    xor   |      0|  0|    2|           2|           1|
    |Range1_all_zeros_fu_1071_p2     |    xor   |      0|  0|    2|           2|           1|
    |empty_6_fu_1184_p2              |    xor   |      0|  0|    2|           2|           1|
    |empty_8_fu_1480_p2              |    xor   |      0|  0|    2|           2|           1|
    |xor_ln403_1_fu_1266_p2          |    xor   |      0|  0|    2|           1|           2|
    |xor_ln403_fu_970_p2             |    xor   |      0|  0|    2|           1|           2|
    |xor_ln416_1_fu_1244_p2          |    xor   |      0|  0|    2|           1|           2|
    |xor_ln416_fu_948_p2             |    xor   |      0|  0|    2|           1|           2|
    |xor_ln571_1_fu_1678_p2          |    xor   |      0|  0|    2|           1|           2|
    |xor_ln571_fu_1582_p2            |    xor   |      0|  0|    2|           1|           2|
    |xor_ln582_1_fu_777_p2           |    xor   |      0|  0|    2|           1|           2|
    |xor_ln582_fu_486_p2             |    xor   |      0|  0|    2|           1|           2|
    |xor_ln603_1_fu_1305_p2          |    xor   |      0|  0|    2|           2|           1|
    |xor_ln603_fu_1009_p2            |    xor   |      0|  0|    2|           2|           1|
    |xor_ln621_1_fu_1486_p2          |    xor   |      0|  0|    2|           1|           2|
    |xor_ln621_2_fu_563_p2           |    xor   |      0|  0|    2|           1|           2|
    |xor_ln621_3_fu_854_p2           |    xor   |      0|  0|    2|           1|           2|
    |xor_ln621_fu_1190_p2            |    xor   |      0|  0|    2|           1|           2|
    |xor_ln631_1_fu_1325_p2          |    xor   |      0|  0|    2|           1|           2|
    |xor_ln631_fu_1029_p2            |    xor   |      0|  0|    2|           1|           2|
    |xor_ln639_2_fu_631_p2           |    xor   |      0|  0|    2|           1|           2|
    |xor_ln639_fu_922_p2             |    xor   |      0|  0|    2|           1|           2|
    |xor_ln652_1_fu_1139_p2          |    xor   |      0|  0|    2|           1|           2|
    |xor_ln652_3_fu_1435_p2          |    xor   |      0|  0|    2|           1|           2|
    |xor_ln652_4_fu_1122_p2          |    xor   |      0|  0|    2|           2|           1|
    |xor_ln652_5_fu_1418_p2          |    xor   |      0|  0|    2|           2|           1|
    |xor_ln658_1_fu_1541_p2          |    xor   |      0|  0|    2|           1|           2|
    |xor_ln658_2_fu_1224_p2          |    xor   |      0|  0|    2|           1|           2|
    |xor_ln658_3_fu_1637_p2          |    xor   |      0|  0|    2|           1|           2|
    |xor_ln658_fu_1520_p2            |    xor   |      0|  0|    2|           1|           2|
    |xor_ln659_1_fu_1688_p2          |    xor   |      0|  0|    2|           2|           1|
    |xor_ln659_fu_1592_p2            |    xor   |      0|  0|    2|           2|           1|
    +--------------------------------+----------+-------+---+-----+------------+------------+
    |Total                           |          |      0|  0| 2706|        1306|        1380|
    +--------------------------------+----------+-------+---+-----+------------+------------+

    * Multiplexer: 
    +-----------+----+-----------+-----+-----------+
    |    Name   | LUT| Input Size| Bits| Total Bits|
    +-----------+----+-----------+-----+-----------+
    |ap_NS_fsm  |  38|          7|    1|          7|
    +-----------+----+-----------+-----+-----------+
    |Total      |  38|          7|    1|          7|
    +-----------+----+-----------+-----+-----------+

    * Register: 
    +-----------------------------+----+----+-----+-----------+
    |             Name            | FF | LUT| Bits| Const Bits|
    +-----------------------------+----+----+-----+-----------+
    |F2_1_reg_1839                |  12|   0|   12|          0|
    |F2_reg_1781                  |  12|   0|   12|          0|
    |QUAN_INC_1_reg_1848          |   1|   0|    1|          0|
    |QUAN_INC_reg_1790            |   1|   0|    1|          0|
    |Range1_all_ones_1_reg_1943   |   1|   0|    1|          0|
    |Range1_all_ones_3_reg_2060   |   1|   0|    1|          0|
    |Range1_all_zeros_1_reg_1972  |   1|   0|    1|          0|
    |Range1_all_zeros_3_reg_2089  |   1|   0|    1|          0|
    |Range2_V_1_reg_1966          |  54|   0|   54|          0|
    |Range2_V_3_reg_2083          |  54|   0|   54|          0|
    |add_ln581_1_reg_1854         |  12|   0|   12|          0|
    |add_ln581_reg_1796           |  12|   0|   12|          0|
    |and_ln578_1_reg_2023         |   1|   0|    1|          0|
    |and_ln578_reg_1906           |   1|   0|    1|          0|
    |and_ln642_1_reg_2094         |   1|   0|    1|          0|
    |and_ln642_reg_1977           |   1|   0|    1|          0|
    |and_ln659_1_reg_2152         |   1|   0|    1|          0|
    |and_ln659_reg_2123           |   1|   0|    1|          0|
    |ap_CS_fsm                    |   6|   0|    6|          0|
    |icmp10_reg_1918              |   1|   0|    1|          0|
    |icmp33_reg_2035              |   1|   0|    1|          0|
    |icmp_ln571_1_reg_1832        |   1|   0|    1|          0|
    |icmp_ln571_reg_1774          |   1|   0|    1|          0|
    |icmp_ln578_2_reg_2029        |   1|   0|    1|          0|
    |icmp_ln578_reg_1912          |   1|   0|    1|          0|
    |icmp_ln582_1_reg_1988        |   1|   0|    1|          0|
    |icmp_ln582_reg_1871          |   1|   0|    1|          0|
    |icmp_ln603_1_reg_1999        |   1|   0|    1|          0|
    |icmp_ln603_reg_1882          |   1|   0|    1|          0|
    |icmp_ln621_1_reg_2046        |   1|   0|    1|          0|
    |icmp_ln621_reg_1929          |   1|   0|    1|          0|
    |icmp_ln631_1_reg_2072        |   1|   0|    1|          0|
    |icmp_ln631_reg_1955          |   1|   0|    1|          0|
    |man_V_1_reg_1769             |  54|   0|   54|          0|
    |man_V_4_reg_1827             |  54|   0|   54|          0|
    |p_Result_12_reg_1750         |   1|   0|    1|          0|
    |p_Result_13_reg_1764         |  52|   0|   54|          2|
    |p_Result_14_reg_1888         |   1|   0|    1|          0|
    |p_Result_15_reg_2107         |   1|   0|    1|          0|
    |p_Result_16_reg_1808         |   1|   0|    1|          0|
    |p_Result_17_reg_1822         |  52|   0|   54|          2|
    |p_Result_18_reg_2005         |   1|   0|    1|          0|
    |p_Result_19_reg_2136         |   1|   0|    1|          0|
    |p_Val2_10_reg_2129           |   9|   0|    9|          0|
    |p_Val2_5_reg_1894            |   9|   0|    9|          0|
    |p_Val2_6_reg_2100            |   9|   0|    9|          0|
    |p_Val2_9_reg_2011            |   9|   0|    9|          0|
    |pos1_1_reg_2041              |  12|   0|   12|          0|
    |pos1_reg_1924                |  12|   0|   12|          0|
    |sext_ln581_1_reg_1983        |  32|   0|   32|          0|
    |sext_ln581_reg_1866          |  32|   0|   32|          0|
    |sh_amt_1_reg_1859            |  12|   0|   12|          0|
    |sh_amt_reg_1801              |  12|   0|   12|          0|
    |tmp_10_reg_1950              |   1|   0|    1|          0|
    |tmp_17_reg_2017              |   1|   0|    1|          0|
    |tmp_21_reg_2067              |   1|   0|    1|          0|
    |tmp_6_reg_1900               |   1|   0|    1|          0|
    |trunc_ln583_1_reg_1993       |   9|   0|    9|          0|
    |trunc_ln583_reg_1876         |   9|   0|    9|          0|
    |underflow_1_reg_2141         |   1|   0|    1|          0|
    |underflow_reg_2112           |   1|   0|    1|          0|
    |xor_ln621_2_reg_1936         |   1|   0|    1|          0|
    |xor_ln621_3_reg_2053         |   1|   0|    1|          0|
    |xor_ln658_2_reg_2118         |   1|   0|    1|          0|
    |xor_ln658_reg_2147           |   1|   0|    1|          0|
    |zext_ln461_1_reg_1817        |  11|   0|   12|          1|
    |zext_ln461_reg_1759          |  11|   0|   12|          1|
    |zext_ln635_1_reg_2078        |  32|   0|   54|         22|
    |zext_ln635_reg_1961          |  32|   0|   54|         22|
    +-----------------------------+----+----+-----+-----------+
    |Total                        | 668|   0|  718|         50|
    +-----------------------------+----+----+-----+-----------+



================================================================
== Interface
================================================================
* Summary: 
+--------------+-----+-----+------------+----------------+--------------+
|   RTL Ports  | Dir | Bits|  Protocol  |  Source Object |    C Type    |
+--------------+-----+-----+------------+----------------+--------------+
|ap_clk        |  in |    1| ap_ctrl_hs | cordiccart2pol | return value |
|ap_rst        |  in |    1| ap_ctrl_hs | cordiccart2pol | return value |
|ap_start      |  in |    1| ap_ctrl_hs | cordiccart2pol | return value |
|ap_done       | out |    1| ap_ctrl_hs | cordiccart2pol | return value |
|ap_idle       | out |    1| ap_ctrl_hs | cordiccart2pol | return value |
|ap_ready      | out |    1| ap_ctrl_hs | cordiccart2pol | return value |
|x             |  in |   32|   ap_none  |        x       |    scalar    |
|y             |  in |   32|   ap_none  |        y       |    scalar    |
|r             | out |   32|   ap_vld   |        r       |    pointer   |
|r_ap_vld      | out |    1|   ap_vld   |        r       |    pointer   |
|theta         | out |   32|   ap_vld   |      theta     |    pointer   |
|theta_ap_vld  | out |    1|   ap_vld   |      theta     |    pointer   |
+--------------+-----+-----+------------+----------------+--------------+

