

================================================================
== Vivado HLS Report for 'fir'
================================================================
* Date:           Mon Oct 12 16:38:23 2020

* Version:        2019.1 (Build 2552052 on Fri May 24 15:28:33 MDT 2019)
* Project:        optimized4
* Solution:       factor_127_II_1
* Product family: zynq
* Target device:  xc7z020-clg400-1


================================================================
== Performance Estimates
================================================================
+ Timing (ns): 
    * Summary: 
    +--------+-------+----------+------------+
    |  Clock | Target| Estimated| Uncertainty|
    +--------+-------+----------+------------+
    |ap_clk  |  10.00|     9.871|        1.25|
    +--------+-------+----------+------------+

+ Latency (clock cycles): 
    * Summary: 
    +-----+-----+-----+-----+---------+
    |  Latency  |  Interval | Pipeline|
    | min | max | min | max |   Type  |
    +-----+-----+-----+-----+---------+
    |  127|  127|  127|  127|   none  |
    +-----+-----+-----+-----+---------+

    + Detail: 
        * Instance: 
        N/A

        * Loop: 
        N/A



================================================================
== Utilization Estimates
================================================================
* Summary: 
+-----------------+---------+-------+--------+-------+-----+
|       Name      | BRAM_18K| DSP48E|   FF   |  LUT  | URAM|
+-----------------+---------+-------+--------+-------+-----+
|DSP              |        -|     24|       -|      -|    -|
|Expression       |        -|      -|       0|   3885|    -|
|FIFO             |        -|      -|       -|      -|    -|
|Instance         |        -|      -|       -|      -|    -|
|Memory           |        1|      -|       0|      0|    0|
|Multiplexer      |        -|      -|       -|   1770|    -|
|Register         |        -|      -|    1595|      -|    -|
+-----------------+---------+-------+--------+-------+-----+
|Total            |        1|     24|    1595|   5655|    0|
+-----------------+---------+-------+--------+-------+-----+
|Available        |      280|    220|  106400|  53200|    0|
+-----------------+---------+-------+--------+-------+-----+
|Utilization (%)  |    ~0   |     10|       1|     10|    0|
+-----------------+---------+-------+--------+-------+-----+

+ Detail: 
    * Instance: 
    N/A

    * DSP48E: 
    +--------------------------+----------------------+--------------+
    |         Instance         |        Module        |  Expression  |
    +--------------------------+----------------------+--------------+
    |fir_mac_muladd_8sbkb_U1   |fir_mac_muladd_8sbkb  | i0 * i1 + i2 |
    |fir_mac_muladd_8sbkb_U8   |fir_mac_muladd_8sbkb  | i0 + i1 * i2 |
    |fir_mac_muladd_8sbkb_U9   |fir_mac_muladd_8sbkb  | i0 * i1 + i2 |
    |fir_mac_muladd_8sbkb_U16  |fir_mac_muladd_8sbkb  | i0 + i1 * i2 |
    |fir_mac_muladd_8sbkb_U17  |fir_mac_muladd_8sbkb  | i0 * i1 + i2 |
    |fir_mac_muladd_8sbkb_U24  |fir_mac_muladd_8sbkb  | i0 + i1 * i2 |
    |fir_mac_muladd_8scud_U2   |fir_mac_muladd_8scud  | i0 + i1 * i2 |
    |fir_mac_muladd_8scud_U7   |fir_mac_muladd_8scud  | i0 * i1 + i2 |
    |fir_mac_muladd_8scud_U10  |fir_mac_muladd_8scud  | i0 + i1 * i2 |
    |fir_mac_muladd_8scud_U15  |fir_mac_muladd_8scud  | i0 * i1 + i2 |
    |fir_mac_muladd_8scud_U18  |fir_mac_muladd_8scud  | i0 + i1 * i2 |
    |fir_mac_muladd_8scud_U23  |fir_mac_muladd_8scud  | i0 * i1 + i2 |
    |fir_mac_muladd_8sdEe_U3   |fir_mac_muladd_8sdEe  | i0 * i1 + i2 |
    |fir_mac_muladd_8sdEe_U4   |fir_mac_muladd_8sdEe  | i0 + i1 * i2 |
    |fir_mac_muladd_8sdEe_U5   |fir_mac_muladd_8sdEe  | i0 * i1 + i2 |
    |fir_mac_muladd_8sdEe_U6   |fir_mac_muladd_8sdEe  | i0 + i1 * i2 |
    |fir_mac_muladd_8sdEe_U11  |fir_mac_muladd_8sdEe  | i0 * i1 + i2 |
    |fir_mac_muladd_8sdEe_U12  |fir_mac_muladd_8sdEe  | i0 + i1 * i2 |
    |fir_mac_muladd_8sdEe_U13  |fir_mac_muladd_8sdEe  | i0 * i1 + i2 |
    |fir_mac_muladd_8sdEe_U14  |fir_mac_muladd_8sdEe  | i0 + i1 * i2 |
    |fir_mac_muladd_8sdEe_U19  |fir_mac_muladd_8sdEe  | i0 * i1 + i2 |
    |fir_mac_muladd_8sdEe_U20  |fir_mac_muladd_8sdEe  | i0 + i1 * i2 |
    |fir_mac_muladd_8sdEe_U21  |fir_mac_muladd_8sdEe  | i0 * i1 + i2 |
    |fir_mac_muladd_8sdEe_U22  |fir_mac_muladd_8sdEe  | i0 + i1 * i2 |
    +--------------------------+----------------------+--------------+

    * Memory: 
    +-----------+-------------+---------+---+----+-----+------+-----+------+-------------+
    |   Memory  |    Module   | BRAM_18K| FF| LUT| URAM| Words| Bits| Banks| W*Bits*Banks|
    +-----------+-------------+---------+---+----+-----+------+-----+------+-------------+
    |reg_x_V_U  |fir_reg_x_V  |        1|  0|   0|    0|   128|    8|     1|         1024|
    +-----------+-------------+---------+---+----+-----+------+-----+------+-------------+
    |Total      |             |        1|  0|   0|    0|   128|    8|     1|         1024|
    +-----------+-------------+---------+---+----+-----+------+-----+------+-------------+

    * FIFO: 
    N/A

    * Expression: 
    +--------------------------+----------+-------+---+----+------------+------------+
    |       Variable Name      | Operation| DSP48E| FF| LUT| Bitwidth P0| Bitwidth P1|
    +--------------------------+----------+-------+---+----+------------+------------+
    |add_ln1352_10_fu_925_p2   |     +    |      0|  0|  12|          12|          12|
    |add_ln1352_11_fu_957_p2   |     +    |      0|  0|  12|          12|          12|
    |add_ln1352_12_fu_989_p2   |     +    |      0|  0|  12|          12|          12|
    |add_ln1352_13_fu_1021_p2  |     +    |      0|  0|  12|          12|          12|
    |add_ln1352_14_fu_1132_p2  |     +    |      0|  0|  12|          12|          12|
    |add_ln1352_15_fu_1164_p2  |     +    |      0|  0|  12|          12|          12|
    |add_ln1352_16_fu_1196_p2  |     +    |      0|  0|  12|          12|          12|
    |add_ln1352_17_fu_1228_p2  |     +    |      0|  0|  12|          12|          12|
    |add_ln1352_18_fu_1260_p2  |     +    |      0|  0|  12|          12|          12|
    |add_ln1352_19_fu_1292_p2  |     +    |      0|  0|  12|          12|          12|
    |add_ln1352_1_fu_551_p2    |     +    |      0|  0|  12|          12|          12|
    |add_ln1352_20_fu_1324_p2  |     +    |      0|  0|  12|          12|          12|
    |add_ln1352_21_fu_1944_p2  |     +    |      0|  0|  12|          12|          12|
    |add_ln1352_22_fu_1976_p2  |     +    |      0|  0|  12|          12|          12|
    |add_ln1352_23_fu_2008_p2  |     +    |      0|  0|  12|          12|          12|
    |add_ln1352_24_fu_2040_p2  |     +    |      0|  0|  12|          12|          12|
    |add_ln1352_25_fu_2072_p2  |     +    |      0|  0|  12|          12|          12|
    |add_ln1352_26_fu_2104_p2  |     +    |      0|  0|  12|          12|          12|
    |add_ln1352_27_fu_2136_p2  |     +    |      0|  0|  12|          12|          12|
    |add_ln1352_28_fu_2168_p2  |     +    |      0|  0|  12|          12|          12|
    |add_ln1352_29_fu_2949_p2  |     +    |      0|  0|  12|          12|          12|
    |add_ln1352_2_fu_630_p2    |     +    |      0|  0|  12|          12|          12|
    |add_ln1352_30_fu_2981_p2  |     +    |      0|  0|  12|          12|          12|
    |add_ln1352_31_fu_3013_p2  |     +    |      0|  0|  12|          12|          12|
    |add_ln1352_32_fu_3045_p2  |     +    |      0|  0|  12|          12|          12|
    |add_ln1352_33_fu_3077_p2  |     +    |      0|  0|  12|          12|          12|
    |add_ln1352_34_fu_3109_p2  |     +    |      0|  0|  12|          12|          12|
    |add_ln1352_35_fu_3141_p2  |     +    |      0|  0|  12|          12|          12|
    |add_ln1352_36_fu_3173_p2  |     +    |      0|  0|  12|          12|          12|
    |add_ln1352_3_fu_662_p2    |     +    |      0|  0|  12|          12|          12|
    |add_ln1352_4_fu_694_p2    |     +    |      0|  0|  12|          12|          12|
    |add_ln1352_5_fu_726_p2    |     +    |      0|  0|  12|          12|          12|
    |add_ln1352_6_fu_797_p2    |     +    |      0|  0|  12|          12|          12|
    |add_ln1352_7_fu_829_p2    |     +    |      0|  0|  12|          12|          12|
    |add_ln1352_8_fu_861_p2    |     +    |      0|  0|  12|          12|          12|
    |add_ln1352_9_fu_893_p2    |     +    |      0|  0|  12|          12|          12|
    |add_ln1352_fu_589_p2      |     +    |      0|  0|  12|          12|          12|
    |add_ln700_100_fu_4460_p2  |     +    |      0|  0|  17|          13|          13|
    |add_ln700_101_fu_4470_p2  |     +    |      0|  0|  19|          14|          14|
    |add_ln700_102_fu_4675_p2  |     +    |      0|  0|  21|          15|          15|
    |add_ln700_103_fu_4476_p2  |     +    |      0|  0|  17|          13|          13|
    |add_ln700_104_fu_4486_p2  |     +    |      0|  0|  17|          13|          13|
    |add_ln700_105_fu_4496_p2  |     +    |      0|  0|  19|          14|          14|
    |add_ln700_106_fu_4502_p2  |     +    |      0|  0|  17|          13|          13|
    |add_ln700_107_fu_4512_p2  |     +    |      0|  0|  17|          13|          13|
    |add_ln700_108_fu_4522_p2  |     +    |      0|  0|  19|          14|          14|
    |add_ln700_109_fu_4691_p2  |     +    |      0|  0|  21|          15|          15|
    |add_ln700_10_fu_1044_p2   |     +    |      0|  0|  17|          13|          13|
    |add_ln700_110_fu_4701_p2  |     +    |      0|  0|  23|          16|          16|
    |add_ln700_111_fu_4528_p2  |     +    |      0|  0|  17|          13|          13|
    |add_ln700_112_fu_4538_p2  |     +    |      0|  0|  17|          13|          13|
    |add_ln700_113_fu_4548_p2  |     +    |      0|  0|  19|          14|          14|
    |add_ln700_114_fu_4554_p2  |     +    |      0|  0|  17|          13|          13|
    |add_ln700_116_fu_4567_p2  |     +    |      0|  0|  19|          14|          14|
    |add_ln700_117_fu_4713_p2  |     +    |      0|  0|  21|          15|          15|
    |add_ln700_119_fu_4573_p2  |     +    |      0|  0|  16|          11|          11|
    |add_ln700_11_fu_1054_p2   |     +    |      0|  0|  19|          14|          14|
    |add_ln700_120_fu_4582_p2  |     +    |      0|  0|  17|          13|          13|
    |add_ln700_123_fu_4597_p2  |     +    |      0|  0|  19|          14|          14|
    |add_ln700_124_fu_4607_p2  |     +    |      0|  0|  21|          15|          15|
    |add_ln700_125_fu_4726_p2  |     +    |      0|  0|  16|          16|          16|
    |add_ln700_126_fu_4732_p2  |     +    |      0|  0|  16|          16|          16|
    |add_ln700_127_fu_4738_p2  |     +    |      0|  0|  16|          16|          16|
    |add_ln700_12_fu_1064_p2   |     +    |      0|  0|  17|          13|          13|
    |add_ln700_13_fu_1074_p2   |     +    |      0|  0|  17|          13|          13|
    |add_ln700_14_fu_1084_p2   |     +    |      0|  0|  19|          14|          14|
    |add_ln700_15_fu_1094_p2   |     +    |      0|  0|  21|          15|          15|
    |add_ln700_16_fu_1104_p2   |     +    |      0|  0|  23|          16|          16|
    |add_ln700_17_fu_1456_p2   |     +    |      0|  0|  17|          13|          13|
    |add_ln700_18_fu_1466_p2   |     +    |      0|  0|  17|          13|          13|
    |add_ln700_19_fu_1476_p2   |     +    |      0|  0|  19|          14|          14|
    |add_ln700_1_fu_503_p2     |     +    |      0|  0|  12|          12|          12|
    |add_ln700_20_fu_1486_p2   |     +    |      0|  0|  17|          13|          13|
    |add_ln700_22_fu_1499_p2   |     +    |      0|  0|  19|          14|          14|
    |add_ln700_23_fu_1509_p2   |     +    |      0|  0|  21|          15|          15|
    |add_ln700_25_fu_1515_p2   |     +    |      0|  0|  16|          11|          11|
    |add_ln700_26_fu_1525_p2   |     +    |      0|  0|  17|          13|          13|
    |add_ln700_29_fu_1536_p2   |     +    |      0|  0|  19|          14|          14|
    |add_ln700_2_fu_513_p2     |     +    |      0|  0|  12|          12|          12|
    |add_ln700_30_fu_1551_p2   |     +    |      0|  0|  21|          15|          15|
    |add_ln700_31_fu_1561_p2   |     +    |      0|  0|  16|          16|          16|
    |add_ln700_32_fu_1567_p2   |     +    |      0|  0|  16|          16|          16|
    |add_ln700_33_fu_2300_p2   |     +    |      0|  0|  17|          13|          13|
    |add_ln700_34_fu_2310_p2   |     +    |      0|  0|  17|          13|          13|
    |add_ln700_35_fu_2320_p2   |     +    |      0|  0|  19|          14|          14|
    |add_ln700_36_fu_2326_p2   |     +    |      0|  0|  17|          13|          13|
    |add_ln700_38_fu_2339_p2   |     +    |      0|  0|  19|          14|          14|
    |add_ln700_39_fu_2477_p2   |     +    |      0|  0|  21|          15|          15|
    |add_ln700_3_fu_561_p2     |     +    |      0|  0|  16|          13|          13|
    |add_ln700_41_fu_2345_p2   |     +    |      0|  0|  16|          11|          11|
    |add_ln700_42_fu_2354_p2   |     +    |      0|  0|  17|          13|          13|
    |add_ln700_45_fu_2369_p2   |     +    |      0|  0|  19|          14|          14|
    |add_ln700_46_fu_2379_p2   |     +    |      0|  0|  21|          15|          15|
    |add_ln700_47_fu_2490_p2   |     +    |      0|  0|  23|          16|          16|
    |add_ln700_48_fu_2385_p2   |     +    |      0|  0|  17|          13|          13|
    |add_ln700_49_fu_2395_p2   |     +    |      0|  0|  17|          13|          13|
    |add_ln700_4_fu_602_p2     |     +    |      0|  0|  19|          14|          14|
    |add_ln700_50_fu_2405_p2   |     +    |      0|  0|  19|          14|          14|
    |add_ln700_51_fu_2415_p2   |     +    |      0|  0|  17|          13|          13|
    |add_ln700_53_fu_2428_p2   |     +    |      0|  0|  19|          14|          14|
    |add_ln700_54_fu_2438_p2   |     +    |      0|  0|  21|          15|          15|
    |add_ln700_56_fu_2444_p2   |     +    |      0|  0|  16|          11|          11|
    |add_ln700_57_fu_2454_p2   |     +    |      0|  0|  17|          13|          13|
    |add_ln700_5_fu_739_p2     |     +    |      0|  0|  17|          13|          13|
    |add_ln700_60_fu_2465_p2   |     +    |      0|  0|  19|          14|          14|
    |add_ln700_61_fu_2505_p2   |     +    |      0|  0|  21|          15|          15|
    |add_ln700_62_fu_2515_p2   |     +    |      0|  0|  23|          16|          16|
    |add_ln700_63_fu_2521_p2   |     +    |      0|  0|  16|          16|          16|
    |add_ln700_64_fu_2527_p2   |     +    |      0|  0|  16|          16|          16|
    |add_ln700_65_fu_2608_p2   |     +    |      0|  0|  17|          13|          13|
    |add_ln700_66_fu_2733_p2   |     +    |      0|  0|  17|          13|          13|
    |add_ln700_67_fu_2743_p2   |     +    |      0|  0|  19|          14|          14|
    |add_ln700_68_fu_4279_p2   |     +    |      0|  0|  17|          13|          13|
    |add_ln700_6_fu_749_p2     |     +    |      0|  0|  17|          13|          13|
    |add_ln700_70_fu_4292_p2   |     +    |      0|  0|  19|          14|          14|
    |add_ln700_71_fu_4619_p2   |     +    |      0|  0|  21|          15|          15|
    |add_ln700_73_fu_4298_p2   |     +    |      0|  0|  16|          11|          11|
    |add_ln700_74_fu_4307_p2   |     +    |      0|  0|  17|          13|          13|
    |add_ln700_77_fu_4322_p2   |     +    |      0|  0|  19|          14|          14|
    |add_ln700_78_fu_4332_p2   |     +    |      0|  0|  21|          15|          15|
    |add_ln700_79_fu_4632_p2   |     +    |      0|  0|  23|          16|          16|
    |add_ln700_7_fu_759_p2     |     +    |      0|  0|  19|          14|          14|
    |add_ln700_80_fu_4338_p2   |     +    |      0|  0|  17|          13|          13|
    |add_ln700_81_fu_4348_p2   |     +    |      0|  0|  17|          13|          13|
    |add_ln700_82_fu_4358_p2   |     +    |      0|  0|  19|          14|          14|
    |add_ln700_83_fu_4368_p2   |     +    |      0|  0|  17|          13|          13|
    |add_ln700_85_fu_4381_p2   |     +    |      0|  0|  19|          14|          14|
    |add_ln700_86_fu_4391_p2   |     +    |      0|  0|  21|          15|          15|
    |add_ln700_88_fu_4397_p2   |     +    |      0|  0|  16|          11|          11|
    |add_ln700_89_fu_4407_p2   |     +    |      0|  0|  17|          13|          13|
    |add_ln700_8_fu_769_p2     |     +    |      0|  0|  21|          15|          15|
    |add_ln700_92_fu_4418_p2   |     +    |      0|  0|  19|          14|          14|
    |add_ln700_93_fu_4647_p2   |     +    |      0|  0|  21|          15|          15|
    |add_ln700_94_fu_4657_p2   |     +    |      0|  0|  16|          16|          16|
    |add_ln700_95_fu_4663_p2   |     +    |      0|  0|  16|          16|          16|
    |add_ln700_96_fu_4424_p2   |     +    |      0|  0|  17|          13|          13|
    |add_ln700_97_fu_4434_p2   |     +    |      0|  0|  17|          13|          13|
    |add_ln700_98_fu_4444_p2   |     +    |      0|  0|  19|          14|          14|
    |add_ln700_99_fu_4450_p2   |     +    |      0|  0|  17|          13|          13|
    |add_ln700_9_fu_1034_p2    |     +    |      0|  0|  17|          13|          13|
    |add_ln700_fu_523_p2       |     +    |      0|  0|  16|          13|          13|
    |ret_V_fu_4269_p2          |     +    |      0|  0|  12|          12|          12|
    |y_V                       |     +    |      0|  0|  16|          16|          16|
    |sub_ln1352_10_fu_1717_p2  |     -    |      0|  0|  16|           1|          12|
    |sub_ln1352_11_fu_1734_p2  |     -    |      0|  0|  16|          12|          12|
    |sub_ln1352_12_fu_1755_p2  |     -    |      0|  0|  16|           1|          12|
    |sub_ln1352_13_fu_1772_p2  |     -    |      0|  0|  16|          12|          12|
    |sub_ln1352_14_fu_1793_p2  |     -    |      0|  0|  16|           1|          12|
    |sub_ln1352_15_fu_1810_p2  |     -    |      0|  0|  16|          12|          12|
    |sub_ln1352_16_fu_1831_p2  |     -    |      0|  0|  16|           1|          12|
    |sub_ln1352_17_fu_1848_p2  |     -    |      0|  0|  16|          12|          12|
    |sub_ln1352_18_fu_1875_p2  |     -    |      0|  0|  12|           1|          12|
    |sub_ln1352_19_fu_1586_p2  |     -    |      0|  0|  13|          11|          11|
    |sub_ln1352_1_fu_1402_p2   |     -    |      0|  0|  12|           1|          12|
    |sub_ln1352_20_fu_2209_p2  |     -    |      0|  0|  16|          11|          11|
    |sub_ln1352_21_fu_2246_p2  |     -    |      0|  0|  12|           1|          12|
    |sub_ln1352_22_fu_2273_p2  |     -    |      0|  0|  16|           1|          12|
    |sub_ln1352_23_fu_2290_p2  |     -    |      0|  0|  16|          12|          12|
    |sub_ln1352_24_fu_2543_p2  |     -    |      0|  0|  16|           1|          12|
    |sub_ln1352_25_fu_2560_p2  |     -    |      0|  0|  16|          12|          12|
    |sub_ln1352_26_fu_2581_p2  |     -    |      0|  0|  16|           1|          12|
    |sub_ln1352_27_fu_2598_p2  |     -    |      0|  0|  16|          12|          12|
    |sub_ln1352_28_fu_2625_p2  |     -    |      0|  0|  16|           1|          12|
    |sub_ln1352_29_fu_2642_p2  |     -    |      0|  0|  16|          12|          12|
    |sub_ln1352_2_fu_1429_p2   |     -    |      0|  0|  16|           1|          12|
    |sub_ln1352_30_fu_2663_p2  |     -    |      0|  0|  16|           1|          12|
    |sub_ln1352_31_fu_2680_p2  |     -    |      0|  0|  16|          12|          12|
    |sub_ln1352_32_fu_2760_p2  |     -    |      0|  0|  16|           1|          12|
    |sub_ln1352_33_fu_2777_p2  |     -    |      0|  0|  16|          12|          12|
    |sub_ln1352_34_fu_2798_p2  |     -    |      0|  0|  16|           1|          12|
    |sub_ln1352_35_fu_2815_p2  |     -    |      0|  0|  16|          12|          12|
    |sub_ln1352_36_fu_2836_p2  |     -    |      0|  0|  16|           1|          12|
    |sub_ln1352_37_fu_2853_p2  |     -    |      0|  0|  16|          12|          12|
    |sub_ln1352_38_fu_2880_p2  |     -    |      0|  0|  12|           1|          12|
    |sub_ln1352_39_fu_2704_p2  |     -    |      0|  0|  13|          11|          11|
    |sub_ln1352_3_fu_1446_p2   |     -    |      0|  0|  16|          12|          12|
    |sub_ln1352_40_fu_3214_p2  |     -    |      0|  0|  16|          11|          11|
    |sub_ln1352_41_fu_3251_p2  |     -    |      0|  0|  12|           1|          12|
    |sub_ln1352_42_fu_3278_p2  |     -    |      0|  0|  16|           1|          12|
    |sub_ln1352_43_fu_3295_p2  |     -    |      0|  0|  16|          12|          12|
    |sub_ln1352_44_fu_3316_p2  |     -    |      0|  0|  16|           1|          12|
    |sub_ln1352_45_fu_3333_p2  |     -    |      0|  0|  16|          12|          12|
    |sub_ln1352_46_fu_3354_p2  |     -    |      0|  0|  16|           1|          12|
    |sub_ln1352_47_fu_3371_p2  |     -    |      0|  0|  16|          12|          12|
    |sub_ln1352_48_fu_3392_p2  |     -    |      0|  0|  16|           1|          12|
    |sub_ln1352_49_fu_3409_p2  |     -    |      0|  0|  16|          12|          12|
    |sub_ln1352_4_fu_1603_p2   |     -    |      0|  0|  16|           1|          12|
    |sub_ln1352_50_fu_3430_p2  |     -    |      0|  0|  16|           1|          12|
    |sub_ln1352_51_fu_3447_p2  |     -    |      0|  0|  16|          12|          12|
    |sub_ln1352_52_fu_3468_p2  |     -    |      0|  0|  16|           1|          12|
    |sub_ln1352_53_fu_3485_p2  |     -    |      0|  0|  16|          12|          12|
    |sub_ln1352_54_fu_3506_p2  |     -    |      0|  0|  16|           1|          12|
    |sub_ln1352_55_fu_3523_p2  |     -    |      0|  0|  16|          12|          12|
    |sub_ln1352_56_fu_3544_p2  |     -    |      0|  0|  16|           1|          12|
    |sub_ln1352_57_fu_3561_p2  |     -    |      0|  0|  16|          12|          12|
    |sub_ln1352_58_fu_3582_p2  |     -    |      0|  0|  16|           1|          12|
    |sub_ln1352_59_fu_3599_p2  |     -    |      0|  0|  16|          12|          12|
    |sub_ln1352_5_fu_1620_p2   |     -    |      0|  0|  16|          12|          12|
    |sub_ln1352_60_fu_3620_p2  |     -    |      0|  0|  16|           1|          12|
    |sub_ln1352_61_fu_3637_p2  |     -    |      0|  0|  16|          12|          12|
    |sub_ln1352_62_fu_3658_p2  |     -    |      0|  0|  16|           1|          12|
    |sub_ln1352_63_fu_3675_p2  |     -    |      0|  0|  16|          12|          12|
    |sub_ln1352_64_fu_3696_p2  |     -    |      0|  0|  16|           1|          12|
    |sub_ln1352_65_fu_3713_p2  |     -    |      0|  0|  16|          12|          12|
    |sub_ln1352_66_fu_3734_p2  |     -    |      0|  0|  16|           1|          12|
    |sub_ln1352_67_fu_3751_p2  |     -    |      0|  0|  16|          12|          12|
    |sub_ln1352_68_fu_3772_p2  |     -    |      0|  0|  16|           1|          12|
    |sub_ln1352_69_fu_3789_p2  |     -    |      0|  0|  16|          12|          12|
    |sub_ln1352_6_fu_1641_p2   |     -    |      0|  0|  16|           1|          12|
    |sub_ln1352_70_fu_3810_p2  |     -    |      0|  0|  16|           1|          12|
    |sub_ln1352_71_fu_3827_p2  |     -    |      0|  0|  16|          12|          12|
    |sub_ln1352_72_fu_3848_p2  |     -    |      0|  0|  16|           1|          12|
    |sub_ln1352_73_fu_3865_p2  |     -    |      0|  0|  16|          12|          12|
    |sub_ln1352_74_fu_3886_p2  |     -    |      0|  0|  16|           1|          12|
    |sub_ln1352_75_fu_3903_p2  |     -    |      0|  0|  16|          12|          12|
    |sub_ln1352_76_fu_3924_p2  |     -    |      0|  0|  16|           1|          12|
    |sub_ln1352_77_fu_3941_p2  |     -    |      0|  0|  16|          12|          12|
    |sub_ln1352_78_fu_3962_p2  |     -    |      0|  0|  16|           1|          12|
    |sub_ln1352_79_fu_3979_p2  |     -    |      0|  0|  16|          12|          12|
    |sub_ln1352_7_fu_1658_p2   |     -    |      0|  0|  16|          12|          12|
    |sub_ln1352_80_fu_4000_p2  |     -    |      0|  0|  16|           1|          12|
    |sub_ln1352_81_fu_4017_p2  |     -    |      0|  0|  16|          12|          12|
    |sub_ln1352_82_fu_4038_p2  |     -    |      0|  0|  16|           1|          12|
    |sub_ln1352_83_fu_4055_p2  |     -    |      0|  0|  16|          12|          12|
    |sub_ln1352_84_fu_4076_p2  |     -    |      0|  0|  16|           1|          12|
    |sub_ln1352_85_fu_4093_p2  |     -    |      0|  0|  16|          12|          12|
    |sub_ln1352_86_fu_4114_p2  |     -    |      0|  0|  16|           1|          12|
    |sub_ln1352_87_fu_4131_p2  |     -    |      0|  0|  16|          12|          12|
    |sub_ln1352_88_fu_4152_p2  |     -    |      0|  0|  16|           1|          12|
    |sub_ln1352_89_fu_4169_p2  |     -    |      0|  0|  16|          12|          12|
    |sub_ln1352_8_fu_1679_p2   |     -    |      0|  0|  16|           1|          12|
    |sub_ln1352_90_fu_4196_p2  |     -    |      0|  0|  12|           1|          12|
    |sub_ln1352_91_fu_2724_p2  |     -    |      0|  0|  13|          11|          11|
    |sub_ln1352_92_fu_1385_p2  |     -    |      0|  0|  13|          11|          11|
    |sub_ln1352_93_fu_1899_p2  |     -    |      0|  0|  16|          11|          11|
    |sub_ln1352_94_fu_2229_p2  |     -    |      0|  0|  13|          11|          11|
    |sub_ln1352_95_fu_2904_p2  |     -    |      0|  0|  16|          11|          11|
    |sub_ln1352_96_fu_3234_p2  |     -    |      0|  0|  13|          11|          11|
    |sub_ln1352_97_fu_4220_p2  |     -    |      0|  0|  16|          11|          11|
    |sub_ln1352_9_fu_1696_p2   |     -    |      0|  0|  16|          12|          12|
    |sub_ln1352_fu_1365_p2     |     -    |      0|  0|  16|          11|          11|
    +--------------------------+----------+-------+---+----+------------+------------+
    |Total                     |          |      0|  0|3885|        2568|        3074|
    +--------------------------+----------+-------+---+----+------------+------------+

    * Multiplexer: 
    +------------------+-----+-----------+-----+-----------+
    |       Name       | LUT | Input Size| Bits| Total Bits|
    +------------------+-----+-----------+-----+-----------+
    |ap_NS_fsm         |  581|        129|    1|        129|
    |reg_442           |    9|          2|    8|         16|
    |reg_x_V_address0  |  297|         66|    7|        462|
    |reg_x_V_address1  |  297|         66|    7|        462|
    |reg_x_V_d0        |  293|         65|    8|        520|
    |reg_x_V_d1        |  293|         65|    8|        520|
    +------------------+-----+-----------+-----+-----------+
    |Total             | 1770|        393|   39|       2109|
    +------------------+-----+-----------+-----+-----------+

    * Register: 
    +---------------------------+-----+----+-----+-----------+
    |            Name           |  FF | LUT| Bits| Const Bits|
    +---------------------------+-----+----+-----+-----------+
    |add_ln700_101_reg_5926     |   13|   0|   14|          1|
    |add_ln700_105_reg_5931     |   13|   0|   14|          1|
    |add_ln700_108_reg_5936     |   13|   0|   14|          1|
    |add_ln700_113_reg_5941     |   13|   0|   14|          1|
    |add_ln700_116_reg_5946     |   14|   0|   14|          0|
    |add_ln700_124_reg_5951     |   15|   0|   15|          0|
    |add_ln700_126_reg_5961     |   16|   0|   16|          0|
    |add_ln700_16_reg_5806      |   15|   0|   16|          1|
    |add_ln700_23_reg_5811      |   15|   0|   15|          0|
    |add_ln700_26_reg_5816      |   13|   0|   13|          0|
    |add_ln700_29_reg_5821      |   14|   0|   14|          0|
    |add_ln700_32_reg_5826      |   16|   0|   16|          0|
    |add_ln700_35_reg_5836      |   13|   0|   14|          1|
    |add_ln700_38_reg_5841      |   14|   0|   14|          0|
    |add_ln700_3_reg_5791       |   12|   0|   13|          1|
    |add_ln700_46_reg_5846      |   15|   0|   15|          0|
    |add_ln700_4_reg_5796       |   13|   0|   14|          1|
    |add_ln700_54_reg_5851      |   15|   0|   15|          0|
    |add_ln700_57_reg_5856      |   13|   0|   13|          0|
    |add_ln700_60_reg_5861      |   14|   0|   14|          0|
    |add_ln700_64_reg_5866      |   16|   0|   16|          0|
    |add_ln700_65_reg_5871      |   12|   0|   13|          1|
    |add_ln700_67_reg_5886      |   13|   0|   14|          1|
    |add_ln700_70_reg_5896      |   14|   0|   14|          0|
    |add_ln700_78_reg_5901      |   15|   0|   15|          0|
    |add_ln700_86_reg_5906      |   15|   0|   15|          0|
    |add_ln700_89_reg_5911      |   13|   0|   13|          0|
    |add_ln700_8_reg_5801       |   14|   0|   15|          1|
    |add_ln700_92_reg_5916      |   14|   0|   14|          0|
    |add_ln700_95_reg_5956      |   16|   0|   16|          0|
    |add_ln700_98_reg_5921      |   13|   0|   14|          1|
    |ap_CS_fsm                  |  128|   0|  128|          0|
    |reg_442                    |    8|   0|    8|          0|
    |reg_449                    |    8|   0|    8|          0|
    |reg_x_V_load_100_reg_5620  |    8|   0|    8|          0|
    |reg_x_V_load_101_reg_5627  |    8|   0|    8|          0|
    |reg_x_V_load_102_reg_5634  |    8|   0|    8|          0|
    |reg_x_V_load_103_reg_5641  |    8|   0|    8|          0|
    |reg_x_V_load_104_reg_5648  |    8|   0|    8|          0|
    |reg_x_V_load_105_reg_5655  |    8|   0|    8|          0|
    |reg_x_V_load_106_reg_5662  |    8|   0|    8|          0|
    |reg_x_V_load_107_reg_5669  |    8|   0|    8|          0|
    |reg_x_V_load_108_reg_5676  |    8|   0|    8|          0|
    |reg_x_V_load_109_reg_5683  |    8|   0|    8|          0|
    |reg_x_V_load_10_reg_5020   |    8|   0|    8|          0|
    |reg_x_V_load_110_reg_5690  |    8|   0|    8|          0|
    |reg_x_V_load_111_reg_5697  |    8|   0|    8|          0|
    |reg_x_V_load_112_reg_5704  |    8|   0|    8|          0|
    |reg_x_V_load_113_reg_5711  |    8|   0|    8|          0|
    |reg_x_V_load_114_reg_5718  |    8|   0|    8|          0|
    |reg_x_V_load_115_reg_5725  |    8|   0|    8|          0|
    |reg_x_V_load_116_reg_5732  |    8|   0|    8|          0|
    |reg_x_V_load_117_reg_5739  |    8|   0|    8|          0|
    |reg_x_V_load_118_reg_5746  |    8|   0|    8|          0|
    |reg_x_V_load_119_reg_5753  |    8|   0|    8|          0|
    |reg_x_V_load_11_reg_5027   |    8|   0|    8|          0|
    |reg_x_V_load_120_reg_5759  |    8|   0|    8|          0|
    |reg_x_V_load_121_reg_5765  |    8|   0|    8|          0|
    |reg_x_V_load_122_reg_5771  |    8|   0|    8|          0|
    |reg_x_V_load_123_reg_5778  |    8|   0|    8|          0|
    |reg_x_V_load_124_reg_5785  |    8|   0|    8|          0|
    |reg_x_V_load_12_reg_5034   |    8|   0|    8|          0|
    |reg_x_V_load_13_reg_5041   |    8|   0|    8|          0|
    |reg_x_V_load_14_reg_5048   |    8|   0|    8|          0|
    |reg_x_V_load_15_reg_5055   |    8|   0|    8|          0|
    |reg_x_V_load_16_reg_5062   |    8|   0|    8|          0|
    |reg_x_V_load_17_reg_5069   |    8|   0|    8|          0|
    |reg_x_V_load_18_reg_5076   |    8|   0|    8|          0|
    |reg_x_V_load_19_reg_5083   |    8|   0|    8|          0|
    |reg_x_V_load_20_reg_5090   |    8|   0|    8|          0|
    |reg_x_V_load_21_reg_5097   |    8|   0|    8|          0|
    |reg_x_V_load_22_reg_5104   |    8|   0|    8|          0|
    |reg_x_V_load_23_reg_5111   |    8|   0|    8|          0|
    |reg_x_V_load_24_reg_5117   |    8|   0|    8|          0|
    |reg_x_V_load_25_reg_5123   |    8|   0|    8|          0|
    |reg_x_V_load_26_reg_5129   |    8|   0|    8|          0|
    |reg_x_V_load_27_reg_5136   |    8|   0|    8|          0|
    |reg_x_V_load_28_reg_5143   |    8|   0|    8|          0|
    |reg_x_V_load_29_reg_5149   |    8|   0|    8|          0|
    |reg_x_V_load_2_reg_4964    |    8|   0|    8|          0|
    |reg_x_V_load_30_reg_5155   |    8|   0|    8|          0|
    |reg_x_V_load_31_reg_5161   |    8|   0|    8|          0|
    |reg_x_V_load_32_reg_5168   |    8|   0|    8|          0|
    |reg_x_V_load_33_reg_5175   |    8|   0|    8|          0|
    |reg_x_V_load_34_reg_5182   |    8|   0|    8|          0|
    |reg_x_V_load_35_reg_5189   |    8|   0|    8|          0|
    |reg_x_V_load_36_reg_5196   |    8|   0|    8|          0|
    |reg_x_V_load_37_reg_5203   |    8|   0|    8|          0|
    |reg_x_V_load_38_reg_5210   |    8|   0|    8|          0|
    |reg_x_V_load_39_reg_5217   |    8|   0|    8|          0|
    |reg_x_V_load_3_reg_4971    |    8|   0|    8|          0|
    |reg_x_V_load_40_reg_5223   |    8|   0|    8|          0|
    |reg_x_V_load_41_reg_5229   |    8|   0|    8|          0|
    |reg_x_V_load_42_reg_5235   |    8|   0|    8|          0|
    |reg_x_V_load_43_reg_5242   |    8|   0|    8|          0|
    |reg_x_V_load_44_reg_5249   |    8|   0|    8|          0|
    |reg_x_V_load_45_reg_5255   |    8|   0|    8|          0|
    |reg_x_V_load_46_reg_5261   |    8|   0|    8|          0|
    |reg_x_V_load_47_reg_5267   |    8|   0|    8|          0|
    |reg_x_V_load_48_reg_5274   |    8|   0|    8|          0|
    |reg_x_V_load_49_reg_5281   |    8|   0|    8|          0|
    |reg_x_V_load_4_reg_4978    |    8|   0|    8|          0|
    |reg_x_V_load_50_reg_5288   |    8|   0|    8|          0|
    |reg_x_V_load_51_reg_5295   |    8|   0|    8|          0|
    |reg_x_V_load_52_reg_5302   |    8|   0|    8|          0|
    |reg_x_V_load_53_reg_5309   |    8|   0|    8|          0|
    |reg_x_V_load_54_reg_5316   |    8|   0|    8|          0|
    |reg_x_V_load_55_reg_5323   |    8|   0|    8|          0|
    |reg_x_V_load_56_reg_5329   |    8|   0|    8|          0|
    |reg_x_V_load_57_reg_5335   |    8|   0|    8|          0|
    |reg_x_V_load_58_reg_5341   |    8|   0|    8|          0|
    |reg_x_V_load_59_reg_5348   |    8|   0|    8|          0|
    |reg_x_V_load_5_reg_4985    |    8|   0|    8|          0|
    |reg_x_V_load_60_reg_5355   |    8|   0|    8|          0|
    |reg_x_V_load_61_reg_5361   |    8|   0|    8|          0|
    |reg_x_V_load_62_reg_5367   |    8|   0|    8|          0|
    |reg_x_V_load_63_reg_5373   |    8|   0|    8|          0|
    |reg_x_V_load_64_reg_5380   |    8|   0|    8|          0|
    |reg_x_V_load_65_reg_5387   |    8|   0|    8|          0|
    |reg_x_V_load_66_reg_5394   |    8|   0|    8|          0|
    |reg_x_V_load_67_reg_5401   |    8|   0|    8|          0|
    |reg_x_V_load_68_reg_5408   |    8|   0|    8|          0|
    |reg_x_V_load_69_reg_5415   |    8|   0|    8|          0|
    |reg_x_V_load_6_reg_4992    |    8|   0|    8|          0|
    |reg_x_V_load_70_reg_5422   |    8|   0|    8|          0|
    |reg_x_V_load_71_reg_5429   |    8|   0|    8|          0|
    |reg_x_V_load_72_reg_5435   |    8|   0|    8|          0|
    |reg_x_V_load_73_reg_5441   |    8|   0|    8|          0|
    |reg_x_V_load_74_reg_5447   |    8|   0|    8|          0|
    |reg_x_V_load_75_reg_5454   |    8|   0|    8|          0|
    |reg_x_V_load_76_reg_5461   |    8|   0|    8|          0|
    |reg_x_V_load_77_reg_5467   |    8|   0|    8|          0|
    |reg_x_V_load_78_reg_5473   |    8|   0|    8|          0|
    |reg_x_V_load_79_reg_5479   |    8|   0|    8|          0|
    |reg_x_V_load_7_reg_4999    |    8|   0|    8|          0|
    |reg_x_V_load_80_reg_5486   |    8|   0|    8|          0|
    |reg_x_V_load_81_reg_5493   |    8|   0|    8|          0|
    |reg_x_V_load_82_reg_5500   |    8|   0|    8|          0|
    |reg_x_V_load_83_reg_5507   |    8|   0|    8|          0|
    |reg_x_V_load_84_reg_5514   |    8|   0|    8|          0|
    |reg_x_V_load_85_reg_5521   |    8|   0|    8|          0|
    |reg_x_V_load_86_reg_5528   |    8|   0|    8|          0|
    |reg_x_V_load_87_reg_5535   |    8|   0|    8|          0|
    |reg_x_V_load_88_reg_5541   |    8|   0|    8|          0|
    |reg_x_V_load_89_reg_5547   |    8|   0|    8|          0|
    |reg_x_V_load_8_reg_5006    |    8|   0|    8|          0|
    |reg_x_V_load_90_reg_5553   |    8|   0|    8|          0|
    |reg_x_V_load_91_reg_5560   |    8|   0|    8|          0|
    |reg_x_V_load_92_reg_5567   |    8|   0|    8|          0|
    |reg_x_V_load_93_reg_5573   |    8|   0|    8|          0|
    |reg_x_V_load_94_reg_5579   |    8|   0|    8|          0|
    |reg_x_V_load_95_reg_5585   |    8|   0|    8|          0|
    |reg_x_V_load_96_reg_5592   |    8|   0|    8|          0|
    |reg_x_V_load_97_reg_5599   |    8|   0|    8|          0|
    |reg_x_V_load_98_reg_5606   |    8|   0|    8|          0|
    |reg_x_V_load_99_reg_5613   |    8|   0|    8|          0|
    |reg_x_V_load_9_reg_5013    |    8|   0|    8|          0|
    |sub_ln1352_19_reg_5831     |   11|   0|   11|          0|
    |sub_ln1352_39_reg_5876     |   11|   0|   11|          0|
    |sub_ln1352_91_reg_5881     |   11|   0|   11|          0|
    +---------------------------+-----+----+-----+-----------+
    |Total                      | 1595|   0| 1607|         12|
    +---------------------------+-----+----+-----+-----------+



================================================================
== Interface
================================================================
* Summary: 
+------------+-----+-----+------------+--------------+--------------+
|  RTL Ports | Dir | Bits|  Protocol  | Source Object|    C Type    |
+------------+-----+-----+------------+--------------+--------------+
|ap_clk      |  in |    1| ap_ctrl_hs |      fir     | return value |
|ap_rst      |  in |    1| ap_ctrl_hs |      fir     | return value |
|ap_start    |  in |    1| ap_ctrl_hs |      fir     | return value |
|ap_done     | out |    1| ap_ctrl_hs |      fir     | return value |
|ap_idle     | out |    1| ap_ctrl_hs |      fir     | return value |
|ap_ready    | out |    1| ap_ctrl_hs |      fir     | return value |
|y_V         | out |   16|   ap_vld   |      y_V     |    pointer   |
|y_V_ap_vld  | out |    1|   ap_vld   |      y_V     |    pointer   |
|x_V         |  in |    8|   ap_none  |      x_V     |    scalar    |
+------------+-----+-----+------------+--------------+--------------+

